

================================================================
== Vitis HLS Report for 'top'
================================================================
* Date:           Thu Jul 10 19:09:19 2025

* Version:        2024.2 (Build 5238294 on Nov  8 2024)
* Project:        process_event_updated
* Solution:       code_test (Vivado IP Flow Target)
* Product family: versalpremium
* Target device:  xcvp1802-lsvc4072-2MP-e-S


================================================================
== Performance Estimates
================================================================
+ Timing: 
    * Summary: 
    +--------+---------+----------+------------+
    |  Clock |  Target | Estimated| Uncertainty|
    +--------+---------+----------+------------+
    |ap_clk  |  4.00 ns|  2.490 ns|     1.08 ns|
    +--------+---------+----------+------------+

+ Latency: 
    * Summary: 
    +---------+---------+-----------+-----------+------+------+---------+
    |  Latency (cycles) |   Latency (absolute)  |   Interval  | Pipeline|
    |   min   |   max   |    min    |    max    |  min |  max |   Type  |
    +---------+---------+-----------+-----------+------+------+---------+
    |     8836|     8836|  35.344 us|  35.344 us|  8837|  8837|       no|
    +---------+---------+-----------+-----------+------+------+---------+

    + Detail: 
        * Instance: 
        +----------------------------------+------------------+---------+---------+-----------+-----------+------+------+---------+
        |                                  |                  |  Latency (cycles) |   Latency (absolute)  |   Interval  | Pipeline|
        |             Instance             |      Module      |   min   |   max   |    min    |    max    |  min |  max |   Type  |
        +----------------------------------+------------------+---------+---------+-----------+-----------+------+------+---------+
        |tempArray_3_odd_even_sort_fu_194  |odd_even_sort     |        0|        0|       0 ns|       0 ns|     1|     1|      yes|
        |grp_et_calculation_1_fu_200       |et_calculation_1  |     8834|     8834|  35.336 us|  35.336 us|  8834|  8834|       no|
        +----------------------------------+------------------+---------+---------+-----------+-----------+------+------+---------+

        * Loop: 
        N/A



================================================================
== Utilization Estimates
================================================================
* Summary: 
+---------------------+---------+-------+---------+---------+------+
|         Name        | BRAM_18K|  DSP  |    FF   |   LUT   | URAM |
+---------------------+---------+-------+---------+---------+------+
|DSP                  |        -|      -|        -|        -|     -|
|Expression           |        -|      -|        0|       24|     -|
|FIFO                 |        -|      -|        -|        -|     -|
|Instance             |        4|      -|     1017|     5256|     0|
|Memory               |        -|      -|        -|        -|     -|
|Multiplexer          |        -|      -|        0|      406|     -|
|Register             |        -|      -|      114|        -|     -|
+---------------------+---------+-------+---------+---------+------+
|Total                |        4|      0|     1131|     5686|     0|
+---------------------+---------+-------+---------+---------+------+
|Available SLR        |     2470|   3588|  1680448|   840224|   637|
+---------------------+---------+-------+---------+---------+------+
|Utilization SLR (%)  |       ~0|      0|       ~0|       ~0|     0|
+---------------------+---------+-------+---------+---------+------+
|Available            |     9882|  14352|  6721792|  3360896|  2549|
+---------------------+---------+-------+---------+---------+------+
|Utilization (%)      |       ~0|      0|       ~0|       ~0|     0|
+---------------------+---------+-------+---------+---------+------+

+ Detail: 
    * Instance: 
    +----------------------------------+------------------+---------+----+------+------+-----+
    |             Instance             |      Module      | BRAM_18K| DSP|  FF  |  LUT | URAM|
    +----------------------------------+------------------+---------+----+------+------+-----+
    |grp_et_calculation_1_fu_200       |et_calculation_1  |        4|   0|  1017|  5236|    0|
    |tempArray_3_odd_even_sort_fu_194  |odd_even_sort     |        0|   0|     0|    20|    0|
    +----------------------------------+------------------+---------+----+------+------+-----+
    |Total                             |                  |        4|   0|  1017|  5256|    0|
    +----------------------------------+------------------+---------+----+------+------+-----+

    * DSP: 
    N/A

    * Memory: 
    N/A

    * FIFO: 
    N/A

    * Expression: 
    +---------------------------------+----------+----+---+----+------------+------------+
    |          Variable Name          | Operation| DSP| FF| LUT| Bitwidth P0| Bitwidth P1|
    +---------------------------------+----------+----+---+----+------------+------------+
    |tmp_6_i7_fu_300_p4               |      1003|   0|  0|   2|           1|        2049|
    |tmp_6_i_fu_245_p4                |      1003|   0|  0|   2|           1|        2049|
    |tmp_8_i9_fu_318_p4               |      1003|   0|  0|   2|          27|          11|
    |tmp_8_i_fu_263_p4                |      1003|   0|  0|   2|          27|          11|
    |tmp_i1_fu_336_p4                 |      1003|   0|  0|   2|          27|           7|
    |tmp_i_fu_281_p4                  |      1003|   0|  0|   2|          27|           7|
    |icmp_ln150_fu_361_p2             |      icmp|   0|  0|  10|          27|          27|
    |ap_block_state3_on_subcall_done  |        or|   0|  0|   2|           1|           1|
    +---------------------------------+----------+----+---+----+------------+------------+
    |Total                            |          |   0|  0|  24|         138|        4162|
    +---------------------------------+----------+----+---+----+------------+------------+

    * Multiplexer: 
    +------------------------------------------------------+----+-----------+-----+-----------+
    |                         Name                         | LUT| Input Size| Bits| Total Bits|
    +------------------------------------------------------+----+-----------+-----+-----------+
    |ap_NS_fsm                                             |   3|          5|    1|          5|
    |grp_et_calculation_1_fu_200_inputObjectValues_0_0_q0  |  32|          3|   27|         81|
    |grp_et_calculation_1_fu_200_inputObjectValues_0_1_q0  |  32|          3|   27|         81|
    |grp_et_calculation_1_fu_200_inputObjectValues_0_2_q0  |  32|          3|   27|         81|
    |grp_et_calculation_1_fu_200_inputObjectValues_0_3_q0  |  32|          3|   27|         81|
    |grp_et_calculation_1_fu_200_inputObjectValues_1_0_q0  |  32|          3|   27|         81|
    |grp_et_calculation_1_fu_200_inputObjectValues_1_1_q0  |  32|          3|   27|         81|
    |grp_et_calculation_1_fu_200_inputObjectValues_1_2_q0  |  32|          3|   27|         81|
    |grp_et_calculation_1_fu_200_inputObjectValues_1_3_q0  |  32|          3|   27|         81|
    |grp_et_calculation_1_fu_200_numSeed                   |   1|          3|    1|          3|
    |inputObjectValues_0_0_address0                        |   8|          3|    5|         15|
    |inputObjectValues_0_0_ce0                             |   1|          3|    1|          3|
    |inputObjectValues_0_0_we0                             |   1|          2|    1|          2|
    |inputObjectValues_0_1_address0                        |   8|          3|    5|         15|
    |inputObjectValues_0_1_ce0                             |   1|          3|    1|          3|
    |inputObjectValues_0_1_we0                             |   1|          2|    1|          2|
    |inputObjectValues_0_2_address0                        |   8|          3|    5|         15|
    |inputObjectValues_0_2_ce0                             |   1|          3|    1|          3|
    |inputObjectValues_0_2_we0                             |   1|          2|    1|          2|
    |inputObjectValues_0_3_address0                        |   8|          3|    5|         15|
    |inputObjectValues_0_3_ce0                             |   1|          3|    1|          3|
    |inputObjectValues_0_3_we0                             |   1|          2|    1|          2|
    |inputObjectValues_1_0_address0                        |   8|          3|    5|         15|
    |inputObjectValues_1_0_ce0                             |   1|          3|    1|          3|
    |inputObjectValues_1_0_we0                             |   1|          2|    1|          2|
    |inputObjectValues_1_1_address0                        |   8|          3|    5|         15|
    |inputObjectValues_1_1_ce0                             |   1|          3|    1|          3|
    |inputObjectValues_1_1_we0                             |   1|          2|    1|          2|
    |inputObjectValues_1_2_address0                        |   8|          3|    5|         15|
    |inputObjectValues_1_2_ce0                             |   1|          3|    1|          3|
    |inputObjectValues_1_2_we0                             |   1|          2|    1|          2|
    |inputObjectValues_1_3_address0                        |   8|          3|    5|         15|
    |inputObjectValues_1_3_ce0                             |   1|          3|    1|          3|
    |inputObjectValues_1_3_we0                             |   1|          2|    1|          2|
    |outputJetValues_0                                     |  32|          3|   27|         81|
    |outputJetValues_0_ap_vld                              |   1|          3|    1|          3|
    |outputJetValues_1                                     |  32|          3|   27|         81|
    |outputJetValues_1_ap_vld                              |   1|          3|    1|          3|
    +------------------------------------------------------+----+-----------+-----+-----------+
    |Total                                                 | 406|        108|  330|        984|
    +------------------------------------------------------+----+-----------+-----+-----------+

    * Register: 
    +------------------------------------------+----+----+-----+-----------+
    |                   Name                   | FF | LUT| Bits| Const Bits|
    +------------------------------------------+----+----+-----+-----------+
    |ap_CS_fsm                                 |   4|   0|    4|          0|
    |grp_et_calculation_1_fu_200_ap_start_reg  |   1|   0|    1|          0|
    |icmp_ln150_reg_377                        |   1|   0|    1|          0|
    |outputJetValues_0_reg                     |  27|   0|   27|          0|
    |outputJetValues_1_reg                     |  27|   0|   27|          0|
    |seed_1_reg_372                            |  27|   0|   27|          0|
    |seed_reg_367                              |  27|   0|   27|          0|
    +------------------------------------------+----+----+-----+-----------+
    |Total                                     | 114|   0|  114|          0|
    +------------------------------------------+----+----+-----+-----------+



================================================================
== Interface
================================================================
* Summary: 
+---------------------------------+-----+-----+------------+------------------------+--------------+
|            RTL Ports            | Dir | Bits|  Protocol  |      Source Object     |    C Type    |
+---------------------------------+-----+-----+------------+------------------------+--------------+
|ap_clk                           |   in|    1|  ap_ctrl_hs|                     top|  return value|
|ap_rst                           |   in|    1|  ap_ctrl_hs|                     top|  return value|
|ap_start                         |   in|    1|  ap_ctrl_hs|                     top|  return value|
|ap_done                          |  out|    1|  ap_ctrl_hs|                     top|  return value|
|ap_idle                          |  out|    1|  ap_ctrl_hs|                     top|  return value|
|ap_ready                         |  out|    1|  ap_ctrl_hs|                     top|  return value|
|seedValues_0                     |   in|   27|     ap_none|            seedValues_0|       pointer|
|seedValues_1                     |   in|   27|     ap_none|            seedValues_1|       pointer|
|seedValues_2                     |   in|   27|     ap_none|            seedValues_2|       pointer|
|seedValues_3                     |   in|   27|     ap_none|            seedValues_3|       pointer|
|seedValues_4                     |   in|   27|     ap_none|            seedValues_4|       pointer|
|seedValues_5                     |   in|   27|     ap_none|            seedValues_5|       pointer|
|seedValues_6                     |   in|   27|     ap_none|            seedValues_6|       pointer|
|seedValues_7                     |   in|   27|     ap_none|            seedValues_7|       pointer|
|seedValues_8                     |   in|   27|     ap_none|            seedValues_8|       pointer|
|seedValues_9                     |   in|   27|     ap_none|            seedValues_9|       pointer|
|seedValues_10                    |   in|   27|     ap_none|           seedValues_10|       pointer|
|seedValues_11                    |   in|   27|     ap_none|           seedValues_11|       pointer|
|inputObjectValues_0_0_address0   |  out|    5|   ap_memory|   inputObjectValues_0_0|         array|
|inputObjectValues_0_0_ce0        |  out|    1|   ap_memory|   inputObjectValues_0_0|         array|
|inputObjectValues_0_0_we0        |  out|    1|   ap_memory|   inputObjectValues_0_0|         array|
|inputObjectValues_0_0_d0         |  out|   27|   ap_memory|   inputObjectValues_0_0|         array|
|inputObjectValues_0_0_q0         |   in|   27|   ap_memory|   inputObjectValues_0_0|         array|
|inputObjectValues_0_1_address0   |  out|    5|   ap_memory|   inputObjectValues_0_1|         array|
|inputObjectValues_0_1_ce0        |  out|    1|   ap_memory|   inputObjectValues_0_1|         array|
|inputObjectValues_0_1_we0        |  out|    1|   ap_memory|   inputObjectValues_0_1|         array|
|inputObjectValues_0_1_d0         |  out|   27|   ap_memory|   inputObjectValues_0_1|         array|
|inputObjectValues_0_1_q0         |   in|   27|   ap_memory|   inputObjectValues_0_1|         array|
|inputObjectValues_0_2_address0   |  out|    5|   ap_memory|   inputObjectValues_0_2|         array|
|inputObjectValues_0_2_ce0        |  out|    1|   ap_memory|   inputObjectValues_0_2|         array|
|inputObjectValues_0_2_we0        |  out|    1|   ap_memory|   inputObjectValues_0_2|         array|
|inputObjectValues_0_2_d0         |  out|   27|   ap_memory|   inputObjectValues_0_2|         array|
|inputObjectValues_0_2_q0         |   in|   27|   ap_memory|   inputObjectValues_0_2|         array|
|inputObjectValues_0_3_address0   |  out|    5|   ap_memory|   inputObjectValues_0_3|         array|
|inputObjectValues_0_3_ce0        |  out|    1|   ap_memory|   inputObjectValues_0_3|         array|
|inputObjectValues_0_3_we0        |  out|    1|   ap_memory|   inputObjectValues_0_3|         array|
|inputObjectValues_0_3_d0         |  out|   27|   ap_memory|   inputObjectValues_0_3|         array|
|inputObjectValues_0_3_q0         |   in|   27|   ap_memory|   inputObjectValues_0_3|         array|
|inputObjectValues_1_0_address0   |  out|    5|   ap_memory|   inputObjectValues_1_0|         array|
|inputObjectValues_1_0_ce0        |  out|    1|   ap_memory|   inputObjectValues_1_0|         array|
|inputObjectValues_1_0_we0        |  out|    1|   ap_memory|   inputObjectValues_1_0|         array|
|inputObjectValues_1_0_d0         |  out|   27|   ap_memory|   inputObjectValues_1_0|         array|
|inputObjectValues_1_0_q0         |   in|   27|   ap_memory|   inputObjectValues_1_0|         array|
|inputObjectValues_1_1_address0   |  out|    5|   ap_memory|   inputObjectValues_1_1|         array|
|inputObjectValues_1_1_ce0        |  out|    1|   ap_memory|   inputObjectValues_1_1|         array|
|inputObjectValues_1_1_we0        |  out|    1|   ap_memory|   inputObjectValues_1_1|         array|
|inputObjectValues_1_1_d0         |  out|   27|   ap_memory|   inputObjectValues_1_1|         array|
|inputObjectValues_1_1_q0         |   in|   27|   ap_memory|   inputObjectValues_1_1|         array|
|inputObjectValues_1_2_address0   |  out|    5|   ap_memory|   inputObjectValues_1_2|         array|
|inputObjectValues_1_2_ce0        |  out|    1|   ap_memory|   inputObjectValues_1_2|         array|
|inputObjectValues_1_2_we0        |  out|    1|   ap_memory|   inputObjectValues_1_2|         array|
|inputObjectValues_1_2_d0         |  out|   27|   ap_memory|   inputObjectValues_1_2|         array|
|inputObjectValues_1_2_q0         |   in|   27|   ap_memory|   inputObjectValues_1_2|         array|
|inputObjectValues_1_3_address0   |  out|    5|   ap_memory|   inputObjectValues_1_3|         array|
|inputObjectValues_1_3_ce0        |  out|    1|   ap_memory|   inputObjectValues_1_3|         array|
|inputObjectValues_1_3_we0        |  out|    1|   ap_memory|   inputObjectValues_1_3|         array|
|inputObjectValues_1_3_d0         |  out|   27|   ap_memory|   inputObjectValues_1_3|         array|
|inputObjectValues_1_3_q0         |   in|   27|   ap_memory|   inputObjectValues_1_3|         array|
|inputObjectValues_2_0_address0   |  out|    5|   ap_memory|   inputObjectValues_2_0|         array|
|inputObjectValues_2_0_ce0        |  out|    1|   ap_memory|   inputObjectValues_2_0|         array|
|inputObjectValues_2_0_we0        |  out|    1|   ap_memory|   inputObjectValues_2_0|         array|
|inputObjectValues_2_0_d0         |  out|   27|   ap_memory|   inputObjectValues_2_0|         array|
|inputObjectValues_2_0_q0         |   in|   27|   ap_memory|   inputObjectValues_2_0|         array|
|inputObjectValues_2_0_address1   |  out|    5|   ap_memory|   inputObjectValues_2_0|         array|
|inputObjectValues_2_0_ce1        |  out|    1|   ap_memory|   inputObjectValues_2_0|         array|
|inputObjectValues_2_0_we1        |  out|    1|   ap_memory|   inputObjectValues_2_0|         array|
|inputObjectValues_2_0_d1         |  out|   27|   ap_memory|   inputObjectValues_2_0|         array|
|inputObjectValues_2_0_q1         |   in|   27|   ap_memory|   inputObjectValues_2_0|         array|
|inputObjectValues_2_1_address0   |  out|    5|   ap_memory|   inputObjectValues_2_1|         array|
|inputObjectValues_2_1_ce0        |  out|    1|   ap_memory|   inputObjectValues_2_1|         array|
|inputObjectValues_2_1_we0        |  out|    1|   ap_memory|   inputObjectValues_2_1|         array|
|inputObjectValues_2_1_d0         |  out|   27|   ap_memory|   inputObjectValues_2_1|         array|
|inputObjectValues_2_1_q0         |   in|   27|   ap_memory|   inputObjectValues_2_1|         array|
|inputObjectValues_2_1_address1   |  out|    5|   ap_memory|   inputObjectValues_2_1|         array|
|inputObjectValues_2_1_ce1        |  out|    1|   ap_memory|   inputObjectValues_2_1|         array|
|inputObjectValues_2_1_we1        |  out|    1|   ap_memory|   inputObjectValues_2_1|         array|
|inputObjectValues_2_1_d1         |  out|   27|   ap_memory|   inputObjectValues_2_1|         array|
|inputObjectValues_2_1_q1         |   in|   27|   ap_memory|   inputObjectValues_2_1|         array|
|inputObjectValues_2_2_address0   |  out|    5|   ap_memory|   inputObjectValues_2_2|         array|
|inputObjectValues_2_2_ce0        |  out|    1|   ap_memory|   inputObjectValues_2_2|         array|
|inputObjectValues_2_2_we0        |  out|    1|   ap_memory|   inputObjectValues_2_2|         array|
|inputObjectValues_2_2_d0         |  out|   27|   ap_memory|   inputObjectValues_2_2|         array|
|inputObjectValues_2_2_q0         |   in|   27|   ap_memory|   inputObjectValues_2_2|         array|
|inputObjectValues_2_2_address1   |  out|    5|   ap_memory|   inputObjectValues_2_2|         array|
|inputObjectValues_2_2_ce1        |  out|    1|   ap_memory|   inputObjectValues_2_2|         array|
|inputObjectValues_2_2_we1        |  out|    1|   ap_memory|   inputObjectValues_2_2|         array|
|inputObjectValues_2_2_d1         |  out|   27|   ap_memory|   inputObjectValues_2_2|         array|
|inputObjectValues_2_2_q1         |   in|   27|   ap_memory|   inputObjectValues_2_2|         array|
|inputObjectValues_2_3_address0   |  out|    5|   ap_memory|   inputObjectValues_2_3|         array|
|inputObjectValues_2_3_ce0        |  out|    1|   ap_memory|   inputObjectValues_2_3|         array|
|inputObjectValues_2_3_we0        |  out|    1|   ap_memory|   inputObjectValues_2_3|         array|
|inputObjectValues_2_3_d0         |  out|   27|   ap_memory|   inputObjectValues_2_3|         array|
|inputObjectValues_2_3_q0         |   in|   27|   ap_memory|   inputObjectValues_2_3|         array|
|inputObjectValues_2_3_address1   |  out|    5|   ap_memory|   inputObjectValues_2_3|         array|
|inputObjectValues_2_3_ce1        |  out|    1|   ap_memory|   inputObjectValues_2_3|         array|
|inputObjectValues_2_3_we1        |  out|    1|   ap_memory|   inputObjectValues_2_3|         array|
|inputObjectValues_2_3_d1         |  out|   27|   ap_memory|   inputObjectValues_2_3|         array|
|inputObjectValues_2_3_q1         |   in|   27|   ap_memory|   inputObjectValues_2_3|         array|
|inputObjectValues_3_0_address0   |  out|    5|   ap_memory|   inputObjectValues_3_0|         array|
|inputObjectValues_3_0_ce0        |  out|    1|   ap_memory|   inputObjectValues_3_0|         array|
|inputObjectValues_3_0_we0        |  out|    1|   ap_memory|   inputObjectValues_3_0|         array|
|inputObjectValues_3_0_d0         |  out|   27|   ap_memory|   inputObjectValues_3_0|         array|
|inputObjectValues_3_0_q0         |   in|   27|   ap_memory|   inputObjectValues_3_0|         array|
|inputObjectValues_3_0_address1   |  out|    5|   ap_memory|   inputObjectValues_3_0|         array|
|inputObjectValues_3_0_ce1        |  out|    1|   ap_memory|   inputObjectValues_3_0|         array|
|inputObjectValues_3_0_we1        |  out|    1|   ap_memory|   inputObjectValues_3_0|         array|
|inputObjectValues_3_0_d1         |  out|   27|   ap_memory|   inputObjectValues_3_0|         array|
|inputObjectValues_3_0_q1         |   in|   27|   ap_memory|   inputObjectValues_3_0|         array|
|inputObjectValues_3_1_address0   |  out|    5|   ap_memory|   inputObjectValues_3_1|         array|
|inputObjectValues_3_1_ce0        |  out|    1|   ap_memory|   inputObjectValues_3_1|         array|
|inputObjectValues_3_1_we0        |  out|    1|   ap_memory|   inputObjectValues_3_1|         array|
|inputObjectValues_3_1_d0         |  out|   27|   ap_memory|   inputObjectValues_3_1|         array|
|inputObjectValues_3_1_q0         |   in|   27|   ap_memory|   inputObjectValues_3_1|         array|
|inputObjectValues_3_1_address1   |  out|    5|   ap_memory|   inputObjectValues_3_1|         array|
|inputObjectValues_3_1_ce1        |  out|    1|   ap_memory|   inputObjectValues_3_1|         array|
|inputObjectValues_3_1_we1        |  out|    1|   ap_memory|   inputObjectValues_3_1|         array|
|inputObjectValues_3_1_d1         |  out|   27|   ap_memory|   inputObjectValues_3_1|         array|
|inputObjectValues_3_1_q1         |   in|   27|   ap_memory|   inputObjectValues_3_1|         array|
|inputObjectValues_3_2_address0   |  out|    5|   ap_memory|   inputObjectValues_3_2|         array|
|inputObjectValues_3_2_ce0        |  out|    1|   ap_memory|   inputObjectValues_3_2|         array|
|inputObjectValues_3_2_we0        |  out|    1|   ap_memory|   inputObjectValues_3_2|         array|
|inputObjectValues_3_2_d0         |  out|   27|   ap_memory|   inputObjectValues_3_2|         array|
|inputObjectValues_3_2_q0         |   in|   27|   ap_memory|   inputObjectValues_3_2|         array|
|inputObjectValues_3_2_address1   |  out|    5|   ap_memory|   inputObjectValues_3_2|         array|
|inputObjectValues_3_2_ce1        |  out|    1|   ap_memory|   inputObjectValues_3_2|         array|
|inputObjectValues_3_2_we1        |  out|    1|   ap_memory|   inputObjectValues_3_2|         array|
|inputObjectValues_3_2_d1         |  out|   27|   ap_memory|   inputObjectValues_3_2|         array|
|inputObjectValues_3_2_q1         |   in|   27|   ap_memory|   inputObjectValues_3_2|         array|
|inputObjectValues_3_3_address0   |  out|    5|   ap_memory|   inputObjectValues_3_3|         array|
|inputObjectValues_3_3_ce0        |  out|    1|   ap_memory|   inputObjectValues_3_3|         array|
|inputObjectValues_3_3_we0        |  out|    1|   ap_memory|   inputObjectValues_3_3|         array|
|inputObjectValues_3_3_d0         |  out|   27|   ap_memory|   inputObjectValues_3_3|         array|
|inputObjectValues_3_3_q0         |   in|   27|   ap_memory|   inputObjectValues_3_3|         array|
|inputObjectValues_3_3_address1   |  out|    5|   ap_memory|   inputObjectValues_3_3|         array|
|inputObjectValues_3_3_ce1        |  out|    1|   ap_memory|   inputObjectValues_3_3|         array|
|inputObjectValues_3_3_we1        |  out|    1|   ap_memory|   inputObjectValues_3_3|         array|
|inputObjectValues_3_3_d1         |  out|   27|   ap_memory|   inputObjectValues_3_3|         array|
|inputObjectValues_3_3_q1         |   in|   27|   ap_memory|   inputObjectValues_3_3|         array|
|inputObjectValues_4_0_address0   |  out|    5|   ap_memory|   inputObjectValues_4_0|         array|
|inputObjectValues_4_0_ce0        |  out|    1|   ap_memory|   inputObjectValues_4_0|         array|
|inputObjectValues_4_0_we0        |  out|    1|   ap_memory|   inputObjectValues_4_0|         array|
|inputObjectValues_4_0_d0         |  out|   27|   ap_memory|   inputObjectValues_4_0|         array|
|inputObjectValues_4_0_q0         |   in|   27|   ap_memory|   inputObjectValues_4_0|         array|
|inputObjectValues_4_0_address1   |  out|    5|   ap_memory|   inputObjectValues_4_0|         array|
|inputObjectValues_4_0_ce1        |  out|    1|   ap_memory|   inputObjectValues_4_0|         array|
|inputObjectValues_4_0_we1        |  out|    1|   ap_memory|   inputObjectValues_4_0|         array|
|inputObjectValues_4_0_d1         |  out|   27|   ap_memory|   inputObjectValues_4_0|         array|
|inputObjectValues_4_0_q1         |   in|   27|   ap_memory|   inputObjectValues_4_0|         array|
|inputObjectValues_4_1_address0   |  out|    5|   ap_memory|   inputObjectValues_4_1|         array|
|inputObjectValues_4_1_ce0        |  out|    1|   ap_memory|   inputObjectValues_4_1|         array|
|inputObjectValues_4_1_we0        |  out|    1|   ap_memory|   inputObjectValues_4_1|         array|
|inputObjectValues_4_1_d0         |  out|   27|   ap_memory|   inputObjectValues_4_1|         array|
|inputObjectValues_4_1_q0         |   in|   27|   ap_memory|   inputObjectValues_4_1|         array|
|inputObjectValues_4_1_address1   |  out|    5|   ap_memory|   inputObjectValues_4_1|         array|
|inputObjectValues_4_1_ce1        |  out|    1|   ap_memory|   inputObjectValues_4_1|         array|
|inputObjectValues_4_1_we1        |  out|    1|   ap_memory|   inputObjectValues_4_1|         array|
|inputObjectValues_4_1_d1         |  out|   27|   ap_memory|   inputObjectValues_4_1|         array|
|inputObjectValues_4_1_q1         |   in|   27|   ap_memory|   inputObjectValues_4_1|         array|
|inputObjectValues_4_2_address0   |  out|    5|   ap_memory|   inputObjectValues_4_2|         array|
|inputObjectValues_4_2_ce0        |  out|    1|   ap_memory|   inputObjectValues_4_2|         array|
|inputObjectValues_4_2_we0        |  out|    1|   ap_memory|   inputObjectValues_4_2|         array|
|inputObjectValues_4_2_d0         |  out|   27|   ap_memory|   inputObjectValues_4_2|         array|
|inputObjectValues_4_2_q0         |   in|   27|   ap_memory|   inputObjectValues_4_2|         array|
|inputObjectValues_4_2_address1   |  out|    5|   ap_memory|   inputObjectValues_4_2|         array|
|inputObjectValues_4_2_ce1        |  out|    1|   ap_memory|   inputObjectValues_4_2|         array|
|inputObjectValues_4_2_we1        |  out|    1|   ap_memory|   inputObjectValues_4_2|         array|
|inputObjectValues_4_2_d1         |  out|   27|   ap_memory|   inputObjectValues_4_2|         array|
|inputObjectValues_4_2_q1         |   in|   27|   ap_memory|   inputObjectValues_4_2|         array|
|inputObjectValues_4_3_address0   |  out|    5|   ap_memory|   inputObjectValues_4_3|         array|
|inputObjectValues_4_3_ce0        |  out|    1|   ap_memory|   inputObjectValues_4_3|         array|
|inputObjectValues_4_3_we0        |  out|    1|   ap_memory|   inputObjectValues_4_3|         array|
|inputObjectValues_4_3_d0         |  out|   27|   ap_memory|   inputObjectValues_4_3|         array|
|inputObjectValues_4_3_q0         |   in|   27|   ap_memory|   inputObjectValues_4_3|         array|
|inputObjectValues_4_3_address1   |  out|    5|   ap_memory|   inputObjectValues_4_3|         array|
|inputObjectValues_4_3_ce1        |  out|    1|   ap_memory|   inputObjectValues_4_3|         array|
|inputObjectValues_4_3_we1        |  out|    1|   ap_memory|   inputObjectValues_4_3|         array|
|inputObjectValues_4_3_d1         |  out|   27|   ap_memory|   inputObjectValues_4_3|         array|
|inputObjectValues_4_3_q1         |   in|   27|   ap_memory|   inputObjectValues_4_3|         array|
|inputObjectValues_5_0_address0   |  out|    5|   ap_memory|   inputObjectValues_5_0|         array|
|inputObjectValues_5_0_ce0        |  out|    1|   ap_memory|   inputObjectValues_5_0|         array|
|inputObjectValues_5_0_we0        |  out|    1|   ap_memory|   inputObjectValues_5_0|         array|
|inputObjectValues_5_0_d0         |  out|   27|   ap_memory|   inputObjectValues_5_0|         array|
|inputObjectValues_5_0_q0         |   in|   27|   ap_memory|   inputObjectValues_5_0|         array|
|inputObjectValues_5_0_address1   |  out|    5|   ap_memory|   inputObjectValues_5_0|         array|
|inputObjectValues_5_0_ce1        |  out|    1|   ap_memory|   inputObjectValues_5_0|         array|
|inputObjectValues_5_0_we1        |  out|    1|   ap_memory|   inputObjectValues_5_0|         array|
|inputObjectValues_5_0_d1         |  out|   27|   ap_memory|   inputObjectValues_5_0|         array|
|inputObjectValues_5_0_q1         |   in|   27|   ap_memory|   inputObjectValues_5_0|         array|
|inputObjectValues_5_1_address0   |  out|    5|   ap_memory|   inputObjectValues_5_1|         array|
|inputObjectValues_5_1_ce0        |  out|    1|   ap_memory|   inputObjectValues_5_1|         array|
|inputObjectValues_5_1_we0        |  out|    1|   ap_memory|   inputObjectValues_5_1|         array|
|inputObjectValues_5_1_d0         |  out|   27|   ap_memory|   inputObjectValues_5_1|         array|
|inputObjectValues_5_1_q0         |   in|   27|   ap_memory|   inputObjectValues_5_1|         array|
|inputObjectValues_5_1_address1   |  out|    5|   ap_memory|   inputObjectValues_5_1|         array|
|inputObjectValues_5_1_ce1        |  out|    1|   ap_memory|   inputObjectValues_5_1|         array|
|inputObjectValues_5_1_we1        |  out|    1|   ap_memory|   inputObjectValues_5_1|         array|
|inputObjectValues_5_1_d1         |  out|   27|   ap_memory|   inputObjectValues_5_1|         array|
|inputObjectValues_5_1_q1         |   in|   27|   ap_memory|   inputObjectValues_5_1|         array|
|inputObjectValues_5_2_address0   |  out|    5|   ap_memory|   inputObjectValues_5_2|         array|
|inputObjectValues_5_2_ce0        |  out|    1|   ap_memory|   inputObjectValues_5_2|         array|
|inputObjectValues_5_2_we0        |  out|    1|   ap_memory|   inputObjectValues_5_2|         array|
|inputObjectValues_5_2_d0         |  out|   27|   ap_memory|   inputObjectValues_5_2|         array|
|inputObjectValues_5_2_q0         |   in|   27|   ap_memory|   inputObjectValues_5_2|         array|
|inputObjectValues_5_2_address1   |  out|    5|   ap_memory|   inputObjectValues_5_2|         array|
|inputObjectValues_5_2_ce1        |  out|    1|   ap_memory|   inputObjectValues_5_2|         array|
|inputObjectValues_5_2_we1        |  out|    1|   ap_memory|   inputObjectValues_5_2|         array|
|inputObjectValues_5_2_d1         |  out|   27|   ap_memory|   inputObjectValues_5_2|         array|
|inputObjectValues_5_2_q1         |   in|   27|   ap_memory|   inputObjectValues_5_2|         array|
|inputObjectValues_5_3_address0   |  out|    5|   ap_memory|   inputObjectValues_5_3|         array|
|inputObjectValues_5_3_ce0        |  out|    1|   ap_memory|   inputObjectValues_5_3|         array|
|inputObjectValues_5_3_we0        |  out|    1|   ap_memory|   inputObjectValues_5_3|         array|
|inputObjectValues_5_3_d0         |  out|   27|   ap_memory|   inputObjectValues_5_3|         array|
|inputObjectValues_5_3_q0         |   in|   27|   ap_memory|   inputObjectValues_5_3|         array|
|inputObjectValues_5_3_address1   |  out|    5|   ap_memory|   inputObjectValues_5_3|         array|
|inputObjectValues_5_3_ce1        |  out|    1|   ap_memory|   inputObjectValues_5_3|         array|
|inputObjectValues_5_3_we1        |  out|    1|   ap_memory|   inputObjectValues_5_3|         array|
|inputObjectValues_5_3_d1         |  out|   27|   ap_memory|   inputObjectValues_5_3|         array|
|inputObjectValues_5_3_q1         |   in|   27|   ap_memory|   inputObjectValues_5_3|         array|
|inputObjectValues_6_0_address0   |  out|    5|   ap_memory|   inputObjectValues_6_0|         array|
|inputObjectValues_6_0_ce0        |  out|    1|   ap_memory|   inputObjectValues_6_0|         array|
|inputObjectValues_6_0_we0        |  out|    1|   ap_memory|   inputObjectValues_6_0|         array|
|inputObjectValues_6_0_d0         |  out|   27|   ap_memory|   inputObjectValues_6_0|         array|
|inputObjectValues_6_0_q0         |   in|   27|   ap_memory|   inputObjectValues_6_0|         array|
|inputObjectValues_6_0_address1   |  out|    5|   ap_memory|   inputObjectValues_6_0|         array|
|inputObjectValues_6_0_ce1        |  out|    1|   ap_memory|   inputObjectValues_6_0|         array|
|inputObjectValues_6_0_we1        |  out|    1|   ap_memory|   inputObjectValues_6_0|         array|
|inputObjectValues_6_0_d1         |  out|   27|   ap_memory|   inputObjectValues_6_0|         array|
|inputObjectValues_6_0_q1         |   in|   27|   ap_memory|   inputObjectValues_6_0|         array|
|inputObjectValues_6_1_address0   |  out|    5|   ap_memory|   inputObjectValues_6_1|         array|
|inputObjectValues_6_1_ce0        |  out|    1|   ap_memory|   inputObjectValues_6_1|         array|
|inputObjectValues_6_1_we0        |  out|    1|   ap_memory|   inputObjectValues_6_1|         array|
|inputObjectValues_6_1_d0         |  out|   27|   ap_memory|   inputObjectValues_6_1|         array|
|inputObjectValues_6_1_q0         |   in|   27|   ap_memory|   inputObjectValues_6_1|         array|
|inputObjectValues_6_1_address1   |  out|    5|   ap_memory|   inputObjectValues_6_1|         array|
|inputObjectValues_6_1_ce1        |  out|    1|   ap_memory|   inputObjectValues_6_1|         array|
|inputObjectValues_6_1_we1        |  out|    1|   ap_memory|   inputObjectValues_6_1|         array|
|inputObjectValues_6_1_d1         |  out|   27|   ap_memory|   inputObjectValues_6_1|         array|
|inputObjectValues_6_1_q1         |   in|   27|   ap_memory|   inputObjectValues_6_1|         array|
|inputObjectValues_6_2_address0   |  out|    5|   ap_memory|   inputObjectValues_6_2|         array|
|inputObjectValues_6_2_ce0        |  out|    1|   ap_memory|   inputObjectValues_6_2|         array|
|inputObjectValues_6_2_we0        |  out|    1|   ap_memory|   inputObjectValues_6_2|         array|
|inputObjectValues_6_2_d0         |  out|   27|   ap_memory|   inputObjectValues_6_2|         array|
|inputObjectValues_6_2_q0         |   in|   27|   ap_memory|   inputObjectValues_6_2|         array|
|inputObjectValues_6_2_address1   |  out|    5|   ap_memory|   inputObjectValues_6_2|         array|
|inputObjectValues_6_2_ce1        |  out|    1|   ap_memory|   inputObjectValues_6_2|         array|
|inputObjectValues_6_2_we1        |  out|    1|   ap_memory|   inputObjectValues_6_2|         array|
|inputObjectValues_6_2_d1         |  out|   27|   ap_memory|   inputObjectValues_6_2|         array|
|inputObjectValues_6_2_q1         |   in|   27|   ap_memory|   inputObjectValues_6_2|         array|
|inputObjectValues_6_3_address0   |  out|    5|   ap_memory|   inputObjectValues_6_3|         array|
|inputObjectValues_6_3_ce0        |  out|    1|   ap_memory|   inputObjectValues_6_3|         array|
|inputObjectValues_6_3_we0        |  out|    1|   ap_memory|   inputObjectValues_6_3|         array|
|inputObjectValues_6_3_d0         |  out|   27|   ap_memory|   inputObjectValues_6_3|         array|
|inputObjectValues_6_3_q0         |   in|   27|   ap_memory|   inputObjectValues_6_3|         array|
|inputObjectValues_6_3_address1   |  out|    5|   ap_memory|   inputObjectValues_6_3|         array|
|inputObjectValues_6_3_ce1        |  out|    1|   ap_memory|   inputObjectValues_6_3|         array|
|inputObjectValues_6_3_we1        |  out|    1|   ap_memory|   inputObjectValues_6_3|         array|
|inputObjectValues_6_3_d1         |  out|   27|   ap_memory|   inputObjectValues_6_3|         array|
|inputObjectValues_6_3_q1         |   in|   27|   ap_memory|   inputObjectValues_6_3|         array|
|inputObjectValues_7_0_address0   |  out|    5|   ap_memory|   inputObjectValues_7_0|         array|
|inputObjectValues_7_0_ce0        |  out|    1|   ap_memory|   inputObjectValues_7_0|         array|
|inputObjectValues_7_0_we0        |  out|    1|   ap_memory|   inputObjectValues_7_0|         array|
|inputObjectValues_7_0_d0         |  out|   27|   ap_memory|   inputObjectValues_7_0|         array|
|inputObjectValues_7_0_q0         |   in|   27|   ap_memory|   inputObjectValues_7_0|         array|
|inputObjectValues_7_0_address1   |  out|    5|   ap_memory|   inputObjectValues_7_0|         array|
|inputObjectValues_7_0_ce1        |  out|    1|   ap_memory|   inputObjectValues_7_0|         array|
|inputObjectValues_7_0_we1        |  out|    1|   ap_memory|   inputObjectValues_7_0|         array|
|inputObjectValues_7_0_d1         |  out|   27|   ap_memory|   inputObjectValues_7_0|         array|
|inputObjectValues_7_0_q1         |   in|   27|   ap_memory|   inputObjectValues_7_0|         array|
|inputObjectValues_7_1_address0   |  out|    5|   ap_memory|   inputObjectValues_7_1|         array|
|inputObjectValues_7_1_ce0        |  out|    1|   ap_memory|   inputObjectValues_7_1|         array|
|inputObjectValues_7_1_we0        |  out|    1|   ap_memory|   inputObjectValues_7_1|         array|
|inputObjectValues_7_1_d0         |  out|   27|   ap_memory|   inputObjectValues_7_1|         array|
|inputObjectValues_7_1_q0         |   in|   27|   ap_memory|   inputObjectValues_7_1|         array|
|inputObjectValues_7_1_address1   |  out|    5|   ap_memory|   inputObjectValues_7_1|         array|
|inputObjectValues_7_1_ce1        |  out|    1|   ap_memory|   inputObjectValues_7_1|         array|
|inputObjectValues_7_1_we1        |  out|    1|   ap_memory|   inputObjectValues_7_1|         array|
|inputObjectValues_7_1_d1         |  out|   27|   ap_memory|   inputObjectValues_7_1|         array|
|inputObjectValues_7_1_q1         |   in|   27|   ap_memory|   inputObjectValues_7_1|         array|
|inputObjectValues_7_2_address0   |  out|    5|   ap_memory|   inputObjectValues_7_2|         array|
|inputObjectValues_7_2_ce0        |  out|    1|   ap_memory|   inputObjectValues_7_2|         array|
|inputObjectValues_7_2_we0        |  out|    1|   ap_memory|   inputObjectValues_7_2|         array|
|inputObjectValues_7_2_d0         |  out|   27|   ap_memory|   inputObjectValues_7_2|         array|
|inputObjectValues_7_2_q0         |   in|   27|   ap_memory|   inputObjectValues_7_2|         array|
|inputObjectValues_7_2_address1   |  out|    5|   ap_memory|   inputObjectValues_7_2|         array|
|inputObjectValues_7_2_ce1        |  out|    1|   ap_memory|   inputObjectValues_7_2|         array|
|inputObjectValues_7_2_we1        |  out|    1|   ap_memory|   inputObjectValues_7_2|         array|
|inputObjectValues_7_2_d1         |  out|   27|   ap_memory|   inputObjectValues_7_2|         array|
|inputObjectValues_7_2_q1         |   in|   27|   ap_memory|   inputObjectValues_7_2|         array|
|inputObjectValues_7_3_address0   |  out|    5|   ap_memory|   inputObjectValues_7_3|         array|
|inputObjectValues_7_3_ce0        |  out|    1|   ap_memory|   inputObjectValues_7_3|         array|
|inputObjectValues_7_3_we0        |  out|    1|   ap_memory|   inputObjectValues_7_3|         array|
|inputObjectValues_7_3_d0         |  out|   27|   ap_memory|   inputObjectValues_7_3|         array|
|inputObjectValues_7_3_q0         |   in|   27|   ap_memory|   inputObjectValues_7_3|         array|
|inputObjectValues_7_3_address1   |  out|    5|   ap_memory|   inputObjectValues_7_3|         array|
|inputObjectValues_7_3_ce1        |  out|    1|   ap_memory|   inputObjectValues_7_3|         array|
|inputObjectValues_7_3_we1        |  out|    1|   ap_memory|   inputObjectValues_7_3|         array|
|inputObjectValues_7_3_d1         |  out|   27|   ap_memory|   inputObjectValues_7_3|         array|
|inputObjectValues_7_3_q1         |   in|   27|   ap_memory|   inputObjectValues_7_3|         array|
|inputObjectValues_8_0_address0   |  out|    5|   ap_memory|   inputObjectValues_8_0|         array|
|inputObjectValues_8_0_ce0        |  out|    1|   ap_memory|   inputObjectValues_8_0|         array|
|inputObjectValues_8_0_we0        |  out|    1|   ap_memory|   inputObjectValues_8_0|         array|
|inputObjectValues_8_0_d0         |  out|   27|   ap_memory|   inputObjectValues_8_0|         array|
|inputObjectValues_8_0_q0         |   in|   27|   ap_memory|   inputObjectValues_8_0|         array|
|inputObjectValues_8_0_address1   |  out|    5|   ap_memory|   inputObjectValues_8_0|         array|
|inputObjectValues_8_0_ce1        |  out|    1|   ap_memory|   inputObjectValues_8_0|         array|
|inputObjectValues_8_0_we1        |  out|    1|   ap_memory|   inputObjectValues_8_0|         array|
|inputObjectValues_8_0_d1         |  out|   27|   ap_memory|   inputObjectValues_8_0|         array|
|inputObjectValues_8_0_q1         |   in|   27|   ap_memory|   inputObjectValues_8_0|         array|
|inputObjectValues_8_1_address0   |  out|    5|   ap_memory|   inputObjectValues_8_1|         array|
|inputObjectValues_8_1_ce0        |  out|    1|   ap_memory|   inputObjectValues_8_1|         array|
|inputObjectValues_8_1_we0        |  out|    1|   ap_memory|   inputObjectValues_8_1|         array|
|inputObjectValues_8_1_d0         |  out|   27|   ap_memory|   inputObjectValues_8_1|         array|
|inputObjectValues_8_1_q0         |   in|   27|   ap_memory|   inputObjectValues_8_1|         array|
|inputObjectValues_8_1_address1   |  out|    5|   ap_memory|   inputObjectValues_8_1|         array|
|inputObjectValues_8_1_ce1        |  out|    1|   ap_memory|   inputObjectValues_8_1|         array|
|inputObjectValues_8_1_we1        |  out|    1|   ap_memory|   inputObjectValues_8_1|         array|
|inputObjectValues_8_1_d1         |  out|   27|   ap_memory|   inputObjectValues_8_1|         array|
|inputObjectValues_8_1_q1         |   in|   27|   ap_memory|   inputObjectValues_8_1|         array|
|inputObjectValues_8_2_address0   |  out|    5|   ap_memory|   inputObjectValues_8_2|         array|
|inputObjectValues_8_2_ce0        |  out|    1|   ap_memory|   inputObjectValues_8_2|         array|
|inputObjectValues_8_2_we0        |  out|    1|   ap_memory|   inputObjectValues_8_2|         array|
|inputObjectValues_8_2_d0         |  out|   27|   ap_memory|   inputObjectValues_8_2|         array|
|inputObjectValues_8_2_q0         |   in|   27|   ap_memory|   inputObjectValues_8_2|         array|
|inputObjectValues_8_2_address1   |  out|    5|   ap_memory|   inputObjectValues_8_2|         array|
|inputObjectValues_8_2_ce1        |  out|    1|   ap_memory|   inputObjectValues_8_2|         array|
|inputObjectValues_8_2_we1        |  out|    1|   ap_memory|   inputObjectValues_8_2|         array|
|inputObjectValues_8_2_d1         |  out|   27|   ap_memory|   inputObjectValues_8_2|         array|
|inputObjectValues_8_2_q1         |   in|   27|   ap_memory|   inputObjectValues_8_2|         array|
|inputObjectValues_8_3_address0   |  out|    5|   ap_memory|   inputObjectValues_8_3|         array|
|inputObjectValues_8_3_ce0        |  out|    1|   ap_memory|   inputObjectValues_8_3|         array|
|inputObjectValues_8_3_we0        |  out|    1|   ap_memory|   inputObjectValues_8_3|         array|
|inputObjectValues_8_3_d0         |  out|   27|   ap_memory|   inputObjectValues_8_3|         array|
|inputObjectValues_8_3_q0         |   in|   27|   ap_memory|   inputObjectValues_8_3|         array|
|inputObjectValues_8_3_address1   |  out|    5|   ap_memory|   inputObjectValues_8_3|         array|
|inputObjectValues_8_3_ce1        |  out|    1|   ap_memory|   inputObjectValues_8_3|         array|
|inputObjectValues_8_3_we1        |  out|    1|   ap_memory|   inputObjectValues_8_3|         array|
|inputObjectValues_8_3_d1         |  out|   27|   ap_memory|   inputObjectValues_8_3|         array|
|inputObjectValues_8_3_q1         |   in|   27|   ap_memory|   inputObjectValues_8_3|         array|
|inputObjectValues_9_0_address0   |  out|    5|   ap_memory|   inputObjectValues_9_0|         array|
|inputObjectValues_9_0_ce0        |  out|    1|   ap_memory|   inputObjectValues_9_0|         array|
|inputObjectValues_9_0_we0        |  out|    1|   ap_memory|   inputObjectValues_9_0|         array|
|inputObjectValues_9_0_d0         |  out|   27|   ap_memory|   inputObjectValues_9_0|         array|
|inputObjectValues_9_0_q0         |   in|   27|   ap_memory|   inputObjectValues_9_0|         array|
|inputObjectValues_9_0_address1   |  out|    5|   ap_memory|   inputObjectValues_9_0|         array|
|inputObjectValues_9_0_ce1        |  out|    1|   ap_memory|   inputObjectValues_9_0|         array|
|inputObjectValues_9_0_we1        |  out|    1|   ap_memory|   inputObjectValues_9_0|         array|
|inputObjectValues_9_0_d1         |  out|   27|   ap_memory|   inputObjectValues_9_0|         array|
|inputObjectValues_9_0_q1         |   in|   27|   ap_memory|   inputObjectValues_9_0|         array|
|inputObjectValues_9_1_address0   |  out|    5|   ap_memory|   inputObjectValues_9_1|         array|
|inputObjectValues_9_1_ce0        |  out|    1|   ap_memory|   inputObjectValues_9_1|         array|
|inputObjectValues_9_1_we0        |  out|    1|   ap_memory|   inputObjectValues_9_1|         array|
|inputObjectValues_9_1_d0         |  out|   27|   ap_memory|   inputObjectValues_9_1|         array|
|inputObjectValues_9_1_q0         |   in|   27|   ap_memory|   inputObjectValues_9_1|         array|
|inputObjectValues_9_1_address1   |  out|    5|   ap_memory|   inputObjectValues_9_1|         array|
|inputObjectValues_9_1_ce1        |  out|    1|   ap_memory|   inputObjectValues_9_1|         array|
|inputObjectValues_9_1_we1        |  out|    1|   ap_memory|   inputObjectValues_9_1|         array|
|inputObjectValues_9_1_d1         |  out|   27|   ap_memory|   inputObjectValues_9_1|         array|
|inputObjectValues_9_1_q1         |   in|   27|   ap_memory|   inputObjectValues_9_1|         array|
|inputObjectValues_9_2_address0   |  out|    5|   ap_memory|   inputObjectValues_9_2|         array|
|inputObjectValues_9_2_ce0        |  out|    1|   ap_memory|   inputObjectValues_9_2|         array|
|inputObjectValues_9_2_we0        |  out|    1|   ap_memory|   inputObjectValues_9_2|         array|
|inputObjectValues_9_2_d0         |  out|   27|   ap_memory|   inputObjectValues_9_2|         array|
|inputObjectValues_9_2_q0         |   in|   27|   ap_memory|   inputObjectValues_9_2|         array|
|inputObjectValues_9_2_address1   |  out|    5|   ap_memory|   inputObjectValues_9_2|         array|
|inputObjectValues_9_2_ce1        |  out|    1|   ap_memory|   inputObjectValues_9_2|         array|
|inputObjectValues_9_2_we1        |  out|    1|   ap_memory|   inputObjectValues_9_2|         array|
|inputObjectValues_9_2_d1         |  out|   27|   ap_memory|   inputObjectValues_9_2|         array|
|inputObjectValues_9_2_q1         |   in|   27|   ap_memory|   inputObjectValues_9_2|         array|
|inputObjectValues_9_3_address0   |  out|    5|   ap_memory|   inputObjectValues_9_3|         array|
|inputObjectValues_9_3_ce0        |  out|    1|   ap_memory|   inputObjectValues_9_3|         array|
|inputObjectValues_9_3_we0        |  out|    1|   ap_memory|   inputObjectValues_9_3|         array|
|inputObjectValues_9_3_d0         |  out|   27|   ap_memory|   inputObjectValues_9_3|         array|
|inputObjectValues_9_3_q0         |   in|   27|   ap_memory|   inputObjectValues_9_3|         array|
|inputObjectValues_9_3_address1   |  out|    5|   ap_memory|   inputObjectValues_9_3|         array|
|inputObjectValues_9_3_ce1        |  out|    1|   ap_memory|   inputObjectValues_9_3|         array|
|inputObjectValues_9_3_we1        |  out|    1|   ap_memory|   inputObjectValues_9_3|         array|
|inputObjectValues_9_3_d1         |  out|   27|   ap_memory|   inputObjectValues_9_3|         array|
|inputObjectValues_9_3_q1         |   in|   27|   ap_memory|   inputObjectValues_9_3|         array|
|inputObjectValues_10_0_address0  |  out|    5|   ap_memory|  inputObjectValues_10_0|         array|
|inputObjectValues_10_0_ce0       |  out|    1|   ap_memory|  inputObjectValues_10_0|         array|
|inputObjectValues_10_0_we0       |  out|    1|   ap_memory|  inputObjectValues_10_0|         array|
|inputObjectValues_10_0_d0        |  out|   27|   ap_memory|  inputObjectValues_10_0|         array|
|inputObjectValues_10_0_q0        |   in|   27|   ap_memory|  inputObjectValues_10_0|         array|
|inputObjectValues_10_0_address1  |  out|    5|   ap_memory|  inputObjectValues_10_0|         array|
|inputObjectValues_10_0_ce1       |  out|    1|   ap_memory|  inputObjectValues_10_0|         array|
|inputObjectValues_10_0_we1       |  out|    1|   ap_memory|  inputObjectValues_10_0|         array|
|inputObjectValues_10_0_d1        |  out|   27|   ap_memory|  inputObjectValues_10_0|         array|
|inputObjectValues_10_0_q1        |   in|   27|   ap_memory|  inputObjectValues_10_0|         array|
|inputObjectValues_10_1_address0  |  out|    5|   ap_memory|  inputObjectValues_10_1|         array|
|inputObjectValues_10_1_ce0       |  out|    1|   ap_memory|  inputObjectValues_10_1|         array|
|inputObjectValues_10_1_we0       |  out|    1|   ap_memory|  inputObjectValues_10_1|         array|
|inputObjectValues_10_1_d0        |  out|   27|   ap_memory|  inputObjectValues_10_1|         array|
|inputObjectValues_10_1_q0        |   in|   27|   ap_memory|  inputObjectValues_10_1|         array|
|inputObjectValues_10_1_address1  |  out|    5|   ap_memory|  inputObjectValues_10_1|         array|
|inputObjectValues_10_1_ce1       |  out|    1|   ap_memory|  inputObjectValues_10_1|         array|
|inputObjectValues_10_1_we1       |  out|    1|   ap_memory|  inputObjectValues_10_1|         array|
|inputObjectValues_10_1_d1        |  out|   27|   ap_memory|  inputObjectValues_10_1|         array|
|inputObjectValues_10_1_q1        |   in|   27|   ap_memory|  inputObjectValues_10_1|         array|
|inputObjectValues_10_2_address0  |  out|    5|   ap_memory|  inputObjectValues_10_2|         array|
|inputObjectValues_10_2_ce0       |  out|    1|   ap_memory|  inputObjectValues_10_2|         array|
|inputObjectValues_10_2_we0       |  out|    1|   ap_memory|  inputObjectValues_10_2|         array|
|inputObjectValues_10_2_d0        |  out|   27|   ap_memory|  inputObjectValues_10_2|         array|
|inputObjectValues_10_2_q0        |   in|   27|   ap_memory|  inputObjectValues_10_2|         array|
|inputObjectValues_10_2_address1  |  out|    5|   ap_memory|  inputObjectValues_10_2|         array|
|inputObjectValues_10_2_ce1       |  out|    1|   ap_memory|  inputObjectValues_10_2|         array|
|inputObjectValues_10_2_we1       |  out|    1|   ap_memory|  inputObjectValues_10_2|         array|
|inputObjectValues_10_2_d1        |  out|   27|   ap_memory|  inputObjectValues_10_2|         array|
|inputObjectValues_10_2_q1        |   in|   27|   ap_memory|  inputObjectValues_10_2|         array|
|inputObjectValues_10_3_address0  |  out|    5|   ap_memory|  inputObjectValues_10_3|         array|
|inputObjectValues_10_3_ce0       |  out|    1|   ap_memory|  inputObjectValues_10_3|         array|
|inputObjectValues_10_3_we0       |  out|    1|   ap_memory|  inputObjectValues_10_3|         array|
|inputObjectValues_10_3_d0        |  out|   27|   ap_memory|  inputObjectValues_10_3|         array|
|inputObjectValues_10_3_q0        |   in|   27|   ap_memory|  inputObjectValues_10_3|         array|
|inputObjectValues_10_3_address1  |  out|    5|   ap_memory|  inputObjectValues_10_3|         array|
|inputObjectValues_10_3_ce1       |  out|    1|   ap_memory|  inputObjectValues_10_3|         array|
|inputObjectValues_10_3_we1       |  out|    1|   ap_memory|  inputObjectValues_10_3|         array|
|inputObjectValues_10_3_d1        |  out|   27|   ap_memory|  inputObjectValues_10_3|         array|
|inputObjectValues_10_3_q1        |   in|   27|   ap_memory|  inputObjectValues_10_3|         array|
|inputObjectValues_11_0_address0  |  out|    5|   ap_memory|  inputObjectValues_11_0|         array|
|inputObjectValues_11_0_ce0       |  out|    1|   ap_memory|  inputObjectValues_11_0|         array|
|inputObjectValues_11_0_we0       |  out|    1|   ap_memory|  inputObjectValues_11_0|         array|
|inputObjectValues_11_0_d0        |  out|   27|   ap_memory|  inputObjectValues_11_0|         array|
|inputObjectValues_11_0_q0        |   in|   27|   ap_memory|  inputObjectValues_11_0|         array|
|inputObjectValues_11_0_address1  |  out|    5|   ap_memory|  inputObjectValues_11_0|         array|
|inputObjectValues_11_0_ce1       |  out|    1|   ap_memory|  inputObjectValues_11_0|         array|
|inputObjectValues_11_0_we1       |  out|    1|   ap_memory|  inputObjectValues_11_0|         array|
|inputObjectValues_11_0_d1        |  out|   27|   ap_memory|  inputObjectValues_11_0|         array|
|inputObjectValues_11_0_q1        |   in|   27|   ap_memory|  inputObjectValues_11_0|         array|
|inputObjectValues_11_1_address0  |  out|    5|   ap_memory|  inputObjectValues_11_1|         array|
|inputObjectValues_11_1_ce0       |  out|    1|   ap_memory|  inputObjectValues_11_1|         array|
|inputObjectValues_11_1_we0       |  out|    1|   ap_memory|  inputObjectValues_11_1|         array|
|inputObjectValues_11_1_d0        |  out|   27|   ap_memory|  inputObjectValues_11_1|         array|
|inputObjectValues_11_1_q0        |   in|   27|   ap_memory|  inputObjectValues_11_1|         array|
|inputObjectValues_11_1_address1  |  out|    5|   ap_memory|  inputObjectValues_11_1|         array|
|inputObjectValues_11_1_ce1       |  out|    1|   ap_memory|  inputObjectValues_11_1|         array|
|inputObjectValues_11_1_we1       |  out|    1|   ap_memory|  inputObjectValues_11_1|         array|
|inputObjectValues_11_1_d1        |  out|   27|   ap_memory|  inputObjectValues_11_1|         array|
|inputObjectValues_11_1_q1        |   in|   27|   ap_memory|  inputObjectValues_11_1|         array|
|inputObjectValues_11_2_address0  |  out|    5|   ap_memory|  inputObjectValues_11_2|         array|
|inputObjectValues_11_2_ce0       |  out|    1|   ap_memory|  inputObjectValues_11_2|         array|
|inputObjectValues_11_2_we0       |  out|    1|   ap_memory|  inputObjectValues_11_2|         array|
|inputObjectValues_11_2_d0        |  out|   27|   ap_memory|  inputObjectValues_11_2|         array|
|inputObjectValues_11_2_q0        |   in|   27|   ap_memory|  inputObjectValues_11_2|         array|
|inputObjectValues_11_2_address1  |  out|    5|   ap_memory|  inputObjectValues_11_2|         array|
|inputObjectValues_11_2_ce1       |  out|    1|   ap_memory|  inputObjectValues_11_2|         array|
|inputObjectValues_11_2_we1       |  out|    1|   ap_memory|  inputObjectValues_11_2|         array|
|inputObjectValues_11_2_d1        |  out|   27|   ap_memory|  inputObjectValues_11_2|         array|
|inputObjectValues_11_2_q1        |   in|   27|   ap_memory|  inputObjectValues_11_2|         array|
|inputObjectValues_11_3_address0  |  out|    5|   ap_memory|  inputObjectValues_11_3|         array|
|inputObjectValues_11_3_ce0       |  out|    1|   ap_memory|  inputObjectValues_11_3|         array|
|inputObjectValues_11_3_we0       |  out|    1|   ap_memory|  inputObjectValues_11_3|         array|
|inputObjectValues_11_3_d0        |  out|   27|   ap_memory|  inputObjectValues_11_3|         array|
|inputObjectValues_11_3_q0        |   in|   27|   ap_memory|  inputObjectValues_11_3|         array|
|inputObjectValues_11_3_address1  |  out|    5|   ap_memory|  inputObjectValues_11_3|         array|
|inputObjectValues_11_3_ce1       |  out|    1|   ap_memory|  inputObjectValues_11_3|         array|
|inputObjectValues_11_3_we1       |  out|    1|   ap_memory|  inputObjectValues_11_3|         array|
|inputObjectValues_11_3_d1        |  out|   27|   ap_memory|  inputObjectValues_11_3|         array|
|inputObjectValues_11_3_q1        |   in|   27|   ap_memory|  inputObjectValues_11_3|         array|
|outputJetValues_0                |  out|   27|      ap_vld|       outputJetValues_0|       pointer|
|outputJetValues_0_ap_vld         |  out|    1|      ap_vld|       outputJetValues_0|       pointer|
|outputJetValues_1                |  out|   27|      ap_vld|       outputJetValues_1|       pointer|
|outputJetValues_1_ap_vld         |  out|    1|      ap_vld|       outputJetValues_1|       pointer|
+---------------------------------+-----+-----+------------+------------------------+--------------+

