

================================================================
== Vitis HLS Report for 'top_Pipeline_loop2'
================================================================
* Date:           Tue Jul 15 11:40:33 2025

* Version:        2024.2 (Build 5238294 on Nov  8 2024)
* Project:        filtering_tests
* Solution:       loop1_base (Vivado IP Flow Target)
* Product family: versalpremium
* Target device:  xcvp1802-lsvc4072-2MP-e-S


================================================================
== Performance Estimates
================================================================
+ Timing: 
    * Summary: 
    +--------+---------+----------+------------+
    |  Clock |  Target | Estimated| Uncertainty|
    +--------+---------+----------+------------+
    |ap_clk  |  4.00 ns|  2.367 ns|     1.08 ns|
    +--------+---------+----------+------------+

+ Latency: 
    * Summary: 
    +---------+---------+----------+----------+-----+-----+------------------------------------------------+
    |  Latency (cycles) |  Latency (absolute) |  Interval |                    Pipeline                    |
    |   min   |   max   |    min   |    max   | min | max |                      Type                      |
    +---------+---------+----------+----------+-----+-----+------------------------------------------------+
    |      130|      130|  0.520 us|  0.520 us|  129|  129|  loop auto-rewind stp (delay=0 clock cycles(s))|
    +---------+---------+----------+----------+-----+-----+------------------------------------------------+

    + Detail: 
        * Instance: 
        N/A

        * Loop: 
        +----------+---------+---------+----------+-----------+-----------+------+----------+
        |          |  Latency (cycles) | Iteration|  Initiation Interval  | Trip |          |
        | Loop Name|   min   |   max   |  Latency |  achieved |   target  | Count| Pipelined|
        +----------+---------+---------+----------+-----------+-----------+------+----------+
        |- loop2   |      128|      128|         2|          1|          1|   128|       yes|
        +----------+---------+---------+----------+-----------+-----------+------+----------+



================================================================
== Utilization Estimates
================================================================
* Summary: 
+---------------------+---------+-------+---------+---------+------+
|         Name        | BRAM_18K|  DSP  |    FF   |   LUT   | URAM |
+---------------------+---------+-------+---------+---------+------+
|DSP                  |        -|      -|        -|        -|     -|
|Expression           |        -|      -|        0|       13|     -|
|FIFO                 |        -|      -|        -|        -|     -|
|Instance             |        -|      -|        0|     3418|     -|
|Memory               |        -|      -|        -|        -|     -|
|Multiplexer          |        -|      -|        0|     2066|     -|
|Register             |        -|      -|       44|        -|     -|
+---------------------+---------+-------+---------+---------+------+
|Total                |        0|      0|       44|     5497|     0|
+---------------------+---------+-------+---------+---------+------+
|Available SLR        |     2470|   3588|  1680448|   840224|   637|
+---------------------+---------+-------+---------+---------+------+
|Utilization SLR (%)  |        0|      0|       ~0|       ~0|     0|
+---------------------+---------+-------+---------+---------+------+
|Available            |     9882|  14352|  6721792|  3360896|  2549|
+---------------------+---------+-------+---------+---------+------+
|Utilization (%)      |        0|      0|       ~0|       ~0|     0|
+---------------------+---------+-------+---------+---------+------+

+ Detail: 
    * Instance: 
    +--------------------------------------+---------------------------------+---------+----+---+------+-----+
    |               Instance               |              Module             | BRAM_18K| DSP| FF|  LUT | URAM|
    +--------------------------------------+---------------------------------+---------+----+---+------+-----+
    |bitselect_1ns_4096ns_32ns_1_1_1_U134  |bitselect_1ns_4096ns_32ns_1_1_1  |        0|   0|  0|  1365|    0|
    |bitselect_1ns_4096ns_32ns_1_1_1_U135  |bitselect_1ns_4096ns_32ns_1_1_1  |        0|   0|  0|  1365|    0|
    |sparsemux_257_7_13_1_1_U133           |sparsemux_257_7_13_1_1           |        0|   0|  0|   688|    0|
    +--------------------------------------+---------------------------------+---------+----+---+------+-----+
    |Total                                 |                                 |        0|   0|  0|  3418|    0|
    +--------------------------------------+---------------------------------+---------+----+---+------+-----+

    * DSP: 
    N/A

    * Memory: 
    N/A

    * FIFO: 
    N/A

    * Expression: 
    +----------------------+----------+----+---+----+------------+------------+
    |     Variable Name    | Operation| DSP| FF| LUT| Bitwidth P0| Bitwidth P1|
    +----------------------+----------+----+---+----+------------+------------+
    |add_ln22_fu_2374_p2   |         +|   0|  0|   8|           8|           1|
    |icmp_ln22_fu_2380_p2  |      icmp|   0|  0|   3|           8|           9|
    |ap_enable_pp0         |       xor|   0|  0|   2|           1|           2|
    +----------------------+----------+----+---+----+------------+------------+
    |Total                 |          |   0|  0|  13|          17|          12|
    +----------------------+----------+----+---+----+------------+------------+

    * Multiplexer: 
    +---------------------------+----+-----------+-----+-----------+
    |            Name           | LUT| Input Size| Bits| Total Bits|
    +---------------------------+----+-----------+-----+-----------+
    |ap_done_int                |   1|          2|    1|          2|
    |ap_enable_reg_pp0_iter1    |   1|          2|    1|          2|
    |ap_sig_allocacmp_iInput_1  |   8|          2|    8|         16|
    |iInput_fu_558              |   8|          2|    8|         16|
    |inputArray_0_o             |  16|          2|   13|         26|
    |inputArray_100_o           |  16|          2|   13|         26|
    |inputArray_101_o           |  16|          2|   13|         26|
    |inputArray_102_o           |  16|          2|   13|         26|
    |inputArray_103_o           |  16|          2|   13|         26|
    |inputArray_104_o           |  16|          2|   13|         26|
    |inputArray_105_o           |  16|          2|   13|         26|
    |inputArray_106_o           |  16|          2|   13|         26|
    |inputArray_107_o           |  16|          2|   13|         26|
    |inputArray_108_o           |  16|          2|   13|         26|
    |inputArray_109_o           |  16|          2|   13|         26|
    |inputArray_10_o            |  16|          2|   13|         26|
    |inputArray_110_o           |  16|          2|   13|         26|
    |inputArray_111_o           |  16|          2|   13|         26|
    |inputArray_112_o           |  16|          2|   13|         26|
    |inputArray_113_o           |  16|          2|   13|         26|
    |inputArray_114_o           |  16|          2|   13|         26|
    |inputArray_115_o           |  16|          2|   13|         26|
    |inputArray_116_o           |  16|          2|   13|         26|
    |inputArray_117_o           |  16|          2|   13|         26|
    |inputArray_118_o           |  16|          2|   13|         26|
    |inputArray_119_o           |  16|          2|   13|         26|
    |inputArray_11_o            |  16|          2|   13|         26|
    |inputArray_120_o           |  16|          2|   13|         26|
    |inputArray_121_o           |  16|          2|   13|         26|
    |inputArray_122_o           |  16|          2|   13|         26|
    |inputArray_123_o           |  16|          2|   13|         26|
    |inputArray_124_o           |  16|          2|   13|         26|
    |inputArray_125_o           |  16|          2|   13|         26|
    |inputArray_126_o           |  16|          2|   13|         26|
    |inputArray_127_o           |  16|          2|   13|         26|
    |inputArray_12_o            |  16|          2|   13|         26|
    |inputArray_13_o            |  16|          2|   13|         26|
    |inputArray_14_o            |  16|          2|   13|         26|
    |inputArray_15_o            |  16|          2|   13|         26|
    |inputArray_16_o            |  16|          2|   13|         26|
    |inputArray_17_o            |  16|          2|   13|         26|
    |inputArray_18_o            |  16|          2|   13|         26|
    |inputArray_19_o            |  16|          2|   13|         26|
    |inputArray_1_o             |  16|          2|   13|         26|
    |inputArray_20_o            |  16|          2|   13|         26|
    |inputArray_21_o            |  16|          2|   13|         26|
    |inputArray_22_o            |  16|          2|   13|         26|
    |inputArray_23_o            |  16|          2|   13|         26|
    |inputArray_24_o            |  16|          2|   13|         26|
    |inputArray_25_o            |  16|          2|   13|         26|
    |inputArray_26_o            |  16|          2|   13|         26|
    |inputArray_27_o            |  16|          2|   13|         26|
    |inputArray_28_o            |  16|          2|   13|         26|
    |inputArray_29_o            |  16|          2|   13|         26|
    |inputArray_2_o             |  16|          2|   13|         26|
    |inputArray_30_o            |  16|          2|   13|         26|
    |inputArray_31_o            |  16|          2|   13|         26|
    |inputArray_32_o            |  16|          2|   13|         26|
    |inputArray_33_o            |  16|          2|   13|         26|
    |inputArray_34_o            |  16|          2|   13|         26|
    |inputArray_35_o            |  16|          2|   13|         26|
    |inputArray_36_o            |  16|          2|   13|         26|
    |inputArray_37_o            |  16|          2|   13|         26|
    |inputArray_38_o            |  16|          2|   13|         26|
    |inputArray_39_o            |  16|          2|   13|         26|
    |inputArray_3_o             |  16|          2|   13|         26|
    |inputArray_40_o            |  16|          2|   13|         26|
    |inputArray_41_o            |  16|          2|   13|         26|
    |inputArray_42_o            |  16|          2|   13|         26|
    |inputArray_43_o            |  16|          2|   13|         26|
    |inputArray_44_o            |  16|          2|   13|         26|
    |inputArray_45_o            |  16|          2|   13|         26|
    |inputArray_46_o            |  16|          2|   13|         26|
    |inputArray_47_o            |  16|          2|   13|         26|
    |inputArray_48_o            |  16|          2|   13|         26|
    |inputArray_49_o            |  16|          2|   13|         26|
    |inputArray_4_o             |  16|          2|   13|         26|
    |inputArray_50_o            |  16|          2|   13|         26|
    |inputArray_51_o            |  16|          2|   13|         26|
    |inputArray_52_o            |  16|          2|   13|         26|
    |inputArray_53_o            |  16|          2|   13|         26|
    |inputArray_54_o            |  16|          2|   13|         26|
    |inputArray_55_o            |  16|          2|   13|         26|
    |inputArray_56_o            |  16|          2|   13|         26|
    |inputArray_57_o            |  16|          2|   13|         26|
    |inputArray_58_o            |  16|          2|   13|         26|
    |inputArray_59_o            |  16|          2|   13|         26|
    |inputArray_5_o             |  16|          2|   13|         26|
    |inputArray_60_o            |  16|          2|   13|         26|
    |inputArray_61_o            |  16|          2|   13|         26|
    |inputArray_62_o            |  16|          2|   13|         26|
    |inputArray_63_o            |  16|          2|   13|         26|
    |inputArray_64_o            |  16|          2|   13|         26|
    |inputArray_65_o            |  16|          2|   13|         26|
    |inputArray_66_o            |  16|          2|   13|         26|
    |inputArray_67_o            |  16|          2|   13|         26|
    |inputArray_68_o            |  16|          2|   13|         26|
    |inputArray_69_o            |  16|          2|   13|         26|
    |inputArray_6_o             |  16|          2|   13|         26|
    |inputArray_70_o            |  16|          2|   13|         26|
    |inputArray_71_o            |  16|          2|   13|         26|
    |inputArray_72_o            |  16|          2|   13|         26|
    |inputArray_73_o            |  16|          2|   13|         26|
    |inputArray_74_o            |  16|          2|   13|         26|
    |inputArray_75_o            |  16|          2|   13|         26|
    |inputArray_76_o            |  16|          2|   13|         26|
    |inputArray_77_o            |  16|          2|   13|         26|
    |inputArray_78_o            |  16|          2|   13|         26|
    |inputArray_79_o            |  16|          2|   13|         26|
    |inputArray_7_o             |  16|          2|   13|         26|
    |inputArray_80_o            |  16|          2|   13|         26|
    |inputArray_81_o            |  16|          2|   13|         26|
    |inputArray_82_o            |  16|          2|   13|         26|
    |inputArray_83_o            |  16|          2|   13|         26|
    |inputArray_84_o            |  16|          2|   13|         26|
    |inputArray_85_o            |  16|          2|   13|         26|
    |inputArray_86_o            |  16|          2|   13|         26|
    |inputArray_87_o            |  16|          2|   13|         26|
    |inputArray_88_o            |  16|          2|   13|         26|
    |inputArray_89_o            |  16|          2|   13|         26|
    |inputArray_8_o             |  16|          2|   13|         26|
    |inputArray_90_o            |  16|          2|   13|         26|
    |inputArray_91_o            |  16|          2|   13|         26|
    |inputArray_92_o            |  16|          2|   13|         26|
    |inputArray_93_o            |  16|          2|   13|         26|
    |inputArray_94_o            |  16|          2|   13|         26|
    |inputArray_95_o            |  16|          2|   13|         26|
    |inputArray_96_o            |  16|          2|   13|         26|
    |inputArray_97_o            |  16|          2|   13|         26|
    |inputArray_98_o            |  16|          2|   13|         26|
    |inputArray_99_o            |  16|          2|   13|         26|
    |inputArray_9_o             |  16|          2|   13|         26|
    +---------------------------+----+-----------+-----+-----------+
    |Total                      |2066|        264| 1682|       3364|
    +---------------------------+----+-----------+-----+-----------+

    * Register: 
    +-------------------------+----+----+-----+-----------+
    |           Name          | FF | LUT| Bits| Const Bits|
    +-------------------------+----+----+-----+-----------+
    |ap_CS_fsm                |   1|   0|    1|          0|
    |ap_done_reg              |   1|   0|    1|          0|
    |ap_enable_reg_pp0_iter1  |   1|   0|    1|          0|
    |iInput_fu_558            |   8|   0|    8|          0|
    |temp_reg_2971            |  13|   0|   13|          0|
    |tmp_reg_2981             |   1|   0|    1|          0|
    |trunc_ln22_reg_2967      |   7|   0|    7|          0|
    |trunc_ln23_reg_2976      |  12|   0|   12|          0|
    +-------------------------+----+----+-----+-----------+
    |Total                    |  44|   0|   44|          0|
    +-------------------------+----+----+-----+-----------+



================================================================
== Interface
================================================================
* Summary: 
+-------------------------+-----+------+------------+--------------------+--------------+
|        RTL Ports        | Dir | Bits |  Protocol  |    Source Object   |    C Type    |
+-------------------------+-----+------+------------+--------------------+--------------+
|ap_clk                   |   in|     1|  ap_ctrl_hs|  top_Pipeline_loop2|  return value|
|ap_rst                   |   in|     1|  ap_ctrl_hs|  top_Pipeline_loop2|  return value|
|ap_start                 |   in|     1|  ap_ctrl_hs|  top_Pipeline_loop2|  return value|
|ap_done                  |  out|     1|  ap_ctrl_hs|  top_Pipeline_loop2|  return value|
|ap_idle                  |  out|     1|  ap_ctrl_hs|  top_Pipeline_loop2|  return value|
|ap_ready                 |  out|     1|  ap_ctrl_hs|  top_Pipeline_loop2|  return value|
|bitmask1_1_reload        |   in|  4096|     ap_none|   bitmask1_1_reload|        scalar|
|inputArray_127_i         |   in|    13|     ap_ovld|      inputArray_127|       pointer|
|inputArray_127_o         |  out|    13|     ap_ovld|      inputArray_127|       pointer|
|inputArray_127_o_ap_vld  |  out|     1|     ap_ovld|      inputArray_127|       pointer|
|inputArray_126_i         |   in|    13|     ap_ovld|      inputArray_126|       pointer|
|inputArray_126_o         |  out|    13|     ap_ovld|      inputArray_126|       pointer|
|inputArray_126_o_ap_vld  |  out|     1|     ap_ovld|      inputArray_126|       pointer|
|inputArray_125_i         |   in|    13|     ap_ovld|      inputArray_125|       pointer|
|inputArray_125_o         |  out|    13|     ap_ovld|      inputArray_125|       pointer|
|inputArray_125_o_ap_vld  |  out|     1|     ap_ovld|      inputArray_125|       pointer|
|inputArray_124_i         |   in|    13|     ap_ovld|      inputArray_124|       pointer|
|inputArray_124_o         |  out|    13|     ap_ovld|      inputArray_124|       pointer|
|inputArray_124_o_ap_vld  |  out|     1|     ap_ovld|      inputArray_124|       pointer|
|inputArray_123_i         |   in|    13|     ap_ovld|      inputArray_123|       pointer|
|inputArray_123_o         |  out|    13|     ap_ovld|      inputArray_123|       pointer|
|inputArray_123_o_ap_vld  |  out|     1|     ap_ovld|      inputArray_123|       pointer|
|inputArray_122_i         |   in|    13|     ap_ovld|      inputArray_122|       pointer|
|inputArray_122_o         |  out|    13|     ap_ovld|      inputArray_122|       pointer|
|inputArray_122_o_ap_vld  |  out|     1|     ap_ovld|      inputArray_122|       pointer|
|inputArray_121_i         |   in|    13|     ap_ovld|      inputArray_121|       pointer|
|inputArray_121_o         |  out|    13|     ap_ovld|      inputArray_121|       pointer|
|inputArray_121_o_ap_vld  |  out|     1|     ap_ovld|      inputArray_121|       pointer|
|inputArray_120_i         |   in|    13|     ap_ovld|      inputArray_120|       pointer|
|inputArray_120_o         |  out|    13|     ap_ovld|      inputArray_120|       pointer|
|inputArray_120_o_ap_vld  |  out|     1|     ap_ovld|      inputArray_120|       pointer|
|inputArray_119_i         |   in|    13|     ap_ovld|      inputArray_119|       pointer|
|inputArray_119_o         |  out|    13|     ap_ovld|      inputArray_119|       pointer|
|inputArray_119_o_ap_vld  |  out|     1|     ap_ovld|      inputArray_119|       pointer|
|inputArray_118_i         |   in|    13|     ap_ovld|      inputArray_118|       pointer|
|inputArray_118_o         |  out|    13|     ap_ovld|      inputArray_118|       pointer|
|inputArray_118_o_ap_vld  |  out|     1|     ap_ovld|      inputArray_118|       pointer|
|inputArray_117_i         |   in|    13|     ap_ovld|      inputArray_117|       pointer|
|inputArray_117_o         |  out|    13|     ap_ovld|      inputArray_117|       pointer|
|inputArray_117_o_ap_vld  |  out|     1|     ap_ovld|      inputArray_117|       pointer|
|inputArray_116_i         |   in|    13|     ap_ovld|      inputArray_116|       pointer|
|inputArray_116_o         |  out|    13|     ap_ovld|      inputArray_116|       pointer|
|inputArray_116_o_ap_vld  |  out|     1|     ap_ovld|      inputArray_116|       pointer|
|inputArray_115_i         |   in|    13|     ap_ovld|      inputArray_115|       pointer|
|inputArray_115_o         |  out|    13|     ap_ovld|      inputArray_115|       pointer|
|inputArray_115_o_ap_vld  |  out|     1|     ap_ovld|      inputArray_115|       pointer|
|inputArray_114_i         |   in|    13|     ap_ovld|      inputArray_114|       pointer|
|inputArray_114_o         |  out|    13|     ap_ovld|      inputArray_114|       pointer|
|inputArray_114_o_ap_vld  |  out|     1|     ap_ovld|      inputArray_114|       pointer|
|inputArray_113_i         |   in|    13|     ap_ovld|      inputArray_113|       pointer|
|inputArray_113_o         |  out|    13|     ap_ovld|      inputArray_113|       pointer|
|inputArray_113_o_ap_vld  |  out|     1|     ap_ovld|      inputArray_113|       pointer|
|inputArray_112_i         |   in|    13|     ap_ovld|      inputArray_112|       pointer|
|inputArray_112_o         |  out|    13|     ap_ovld|      inputArray_112|       pointer|
|inputArray_112_o_ap_vld  |  out|     1|     ap_ovld|      inputArray_112|       pointer|
|inputArray_111_i         |   in|    13|     ap_ovld|      inputArray_111|       pointer|
|inputArray_111_o         |  out|    13|     ap_ovld|      inputArray_111|       pointer|
|inputArray_111_o_ap_vld  |  out|     1|     ap_ovld|      inputArray_111|       pointer|
|inputArray_110_i         |   in|    13|     ap_ovld|      inputArray_110|       pointer|
|inputArray_110_o         |  out|    13|     ap_ovld|      inputArray_110|       pointer|
|inputArray_110_o_ap_vld  |  out|     1|     ap_ovld|      inputArray_110|       pointer|
|inputArray_109_i         |   in|    13|     ap_ovld|      inputArray_109|       pointer|
|inputArray_109_o         |  out|    13|     ap_ovld|      inputArray_109|       pointer|
|inputArray_109_o_ap_vld  |  out|     1|     ap_ovld|      inputArray_109|       pointer|
|inputArray_108_i         |   in|    13|     ap_ovld|      inputArray_108|       pointer|
|inputArray_108_o         |  out|    13|     ap_ovld|      inputArray_108|       pointer|
|inputArray_108_o_ap_vld  |  out|     1|     ap_ovld|      inputArray_108|       pointer|
|inputArray_107_i         |   in|    13|     ap_ovld|      inputArray_107|       pointer|
|inputArray_107_o         |  out|    13|     ap_ovld|      inputArray_107|       pointer|
|inputArray_107_o_ap_vld  |  out|     1|     ap_ovld|      inputArray_107|       pointer|
|inputArray_106_i         |   in|    13|     ap_ovld|      inputArray_106|       pointer|
|inputArray_106_o         |  out|    13|     ap_ovld|      inputArray_106|       pointer|
|inputArray_106_o_ap_vld  |  out|     1|     ap_ovld|      inputArray_106|       pointer|
|inputArray_105_i         |   in|    13|     ap_ovld|      inputArray_105|       pointer|
|inputArray_105_o         |  out|    13|     ap_ovld|      inputArray_105|       pointer|
|inputArray_105_o_ap_vld  |  out|     1|     ap_ovld|      inputArray_105|       pointer|
|inputArray_104_i         |   in|    13|     ap_ovld|      inputArray_104|       pointer|
|inputArray_104_o         |  out|    13|     ap_ovld|      inputArray_104|       pointer|
|inputArray_104_o_ap_vld  |  out|     1|     ap_ovld|      inputArray_104|       pointer|
|inputArray_103_i         |   in|    13|     ap_ovld|      inputArray_103|       pointer|
|inputArray_103_o         |  out|    13|     ap_ovld|      inputArray_103|       pointer|
|inputArray_103_o_ap_vld  |  out|     1|     ap_ovld|      inputArray_103|       pointer|
|inputArray_102_i         |   in|    13|     ap_ovld|      inputArray_102|       pointer|
|inputArray_102_o         |  out|    13|     ap_ovld|      inputArray_102|       pointer|
|inputArray_102_o_ap_vld  |  out|     1|     ap_ovld|      inputArray_102|       pointer|
|inputArray_101_i         |   in|    13|     ap_ovld|      inputArray_101|       pointer|
|inputArray_101_o         |  out|    13|     ap_ovld|      inputArray_101|       pointer|
|inputArray_101_o_ap_vld  |  out|     1|     ap_ovld|      inputArray_101|       pointer|
|inputArray_100_i         |   in|    13|     ap_ovld|      inputArray_100|       pointer|
|inputArray_100_o         |  out|    13|     ap_ovld|      inputArray_100|       pointer|
|inputArray_100_o_ap_vld  |  out|     1|     ap_ovld|      inputArray_100|       pointer|
|inputArray_99_i          |   in|    13|     ap_ovld|       inputArray_99|       pointer|
|inputArray_99_o          |  out|    13|     ap_ovld|       inputArray_99|       pointer|
|inputArray_99_o_ap_vld   |  out|     1|     ap_ovld|       inputArray_99|       pointer|
|inputArray_98_i          |   in|    13|     ap_ovld|       inputArray_98|       pointer|
|inputArray_98_o          |  out|    13|     ap_ovld|       inputArray_98|       pointer|
|inputArray_98_o_ap_vld   |  out|     1|     ap_ovld|       inputArray_98|       pointer|
|inputArray_97_i          |   in|    13|     ap_ovld|       inputArray_97|       pointer|
|inputArray_97_o          |  out|    13|     ap_ovld|       inputArray_97|       pointer|
|inputArray_97_o_ap_vld   |  out|     1|     ap_ovld|       inputArray_97|       pointer|
|inputArray_96_i          |   in|    13|     ap_ovld|       inputArray_96|       pointer|
|inputArray_96_o          |  out|    13|     ap_ovld|       inputArray_96|       pointer|
|inputArray_96_o_ap_vld   |  out|     1|     ap_ovld|       inputArray_96|       pointer|
|inputArray_95_i          |   in|    13|     ap_ovld|       inputArray_95|       pointer|
|inputArray_95_o          |  out|    13|     ap_ovld|       inputArray_95|       pointer|
|inputArray_95_o_ap_vld   |  out|     1|     ap_ovld|       inputArray_95|       pointer|
|inputArray_94_i          |   in|    13|     ap_ovld|       inputArray_94|       pointer|
|inputArray_94_o          |  out|    13|     ap_ovld|       inputArray_94|       pointer|
|inputArray_94_o_ap_vld   |  out|     1|     ap_ovld|       inputArray_94|       pointer|
|inputArray_93_i          |   in|    13|     ap_ovld|       inputArray_93|       pointer|
|inputArray_93_o          |  out|    13|     ap_ovld|       inputArray_93|       pointer|
|inputArray_93_o_ap_vld   |  out|     1|     ap_ovld|       inputArray_93|       pointer|
|inputArray_92_i          |   in|    13|     ap_ovld|       inputArray_92|       pointer|
|inputArray_92_o          |  out|    13|     ap_ovld|       inputArray_92|       pointer|
|inputArray_92_o_ap_vld   |  out|     1|     ap_ovld|       inputArray_92|       pointer|
|inputArray_91_i          |   in|    13|     ap_ovld|       inputArray_91|       pointer|
|inputArray_91_o          |  out|    13|     ap_ovld|       inputArray_91|       pointer|
|inputArray_91_o_ap_vld   |  out|     1|     ap_ovld|       inputArray_91|       pointer|
|inputArray_90_i          |   in|    13|     ap_ovld|       inputArray_90|       pointer|
|inputArray_90_o          |  out|    13|     ap_ovld|       inputArray_90|       pointer|
|inputArray_90_o_ap_vld   |  out|     1|     ap_ovld|       inputArray_90|       pointer|
|inputArray_89_i          |   in|    13|     ap_ovld|       inputArray_89|       pointer|
|inputArray_89_o          |  out|    13|     ap_ovld|       inputArray_89|       pointer|
|inputArray_89_o_ap_vld   |  out|     1|     ap_ovld|       inputArray_89|       pointer|
|inputArray_88_i          |   in|    13|     ap_ovld|       inputArray_88|       pointer|
|inputArray_88_o          |  out|    13|     ap_ovld|       inputArray_88|       pointer|
|inputArray_88_o_ap_vld   |  out|     1|     ap_ovld|       inputArray_88|       pointer|
|inputArray_87_i          |   in|    13|     ap_ovld|       inputArray_87|       pointer|
|inputArray_87_o          |  out|    13|     ap_ovld|       inputArray_87|       pointer|
|inputArray_87_o_ap_vld   |  out|     1|     ap_ovld|       inputArray_87|       pointer|
|inputArray_86_i          |   in|    13|     ap_ovld|       inputArray_86|       pointer|
|inputArray_86_o          |  out|    13|     ap_ovld|       inputArray_86|       pointer|
|inputArray_86_o_ap_vld   |  out|     1|     ap_ovld|       inputArray_86|       pointer|
|inputArray_85_i          |   in|    13|     ap_ovld|       inputArray_85|       pointer|
|inputArray_85_o          |  out|    13|     ap_ovld|       inputArray_85|       pointer|
|inputArray_85_o_ap_vld   |  out|     1|     ap_ovld|       inputArray_85|       pointer|
|inputArray_84_i          |   in|    13|     ap_ovld|       inputArray_84|       pointer|
|inputArray_84_o          |  out|    13|     ap_ovld|       inputArray_84|       pointer|
|inputArray_84_o_ap_vld   |  out|     1|     ap_ovld|       inputArray_84|       pointer|
|inputArray_83_i          |   in|    13|     ap_ovld|       inputArray_83|       pointer|
|inputArray_83_o          |  out|    13|     ap_ovld|       inputArray_83|       pointer|
|inputArray_83_o_ap_vld   |  out|     1|     ap_ovld|       inputArray_83|       pointer|
|inputArray_82_i          |   in|    13|     ap_ovld|       inputArray_82|       pointer|
|inputArray_82_o          |  out|    13|     ap_ovld|       inputArray_82|       pointer|
|inputArray_82_o_ap_vld   |  out|     1|     ap_ovld|       inputArray_82|       pointer|
|inputArray_81_i          |   in|    13|     ap_ovld|       inputArray_81|       pointer|
|inputArray_81_o          |  out|    13|     ap_ovld|       inputArray_81|       pointer|
|inputArray_81_o_ap_vld   |  out|     1|     ap_ovld|       inputArray_81|       pointer|
|inputArray_80_i          |   in|    13|     ap_ovld|       inputArray_80|       pointer|
|inputArray_80_o          |  out|    13|     ap_ovld|       inputArray_80|       pointer|
|inputArray_80_o_ap_vld   |  out|     1|     ap_ovld|       inputArray_80|       pointer|
|inputArray_79_i          |   in|    13|     ap_ovld|       inputArray_79|       pointer|
|inputArray_79_o          |  out|    13|     ap_ovld|       inputArray_79|       pointer|
|inputArray_79_o_ap_vld   |  out|     1|     ap_ovld|       inputArray_79|       pointer|
|inputArray_78_i          |   in|    13|     ap_ovld|       inputArray_78|       pointer|
|inputArray_78_o          |  out|    13|     ap_ovld|       inputArray_78|       pointer|
|inputArray_78_o_ap_vld   |  out|     1|     ap_ovld|       inputArray_78|       pointer|
|inputArray_77_i          |   in|    13|     ap_ovld|       inputArray_77|       pointer|
|inputArray_77_o          |  out|    13|     ap_ovld|       inputArray_77|       pointer|
|inputArray_77_o_ap_vld   |  out|     1|     ap_ovld|       inputArray_77|       pointer|
|inputArray_76_i          |   in|    13|     ap_ovld|       inputArray_76|       pointer|
|inputArray_76_o          |  out|    13|     ap_ovld|       inputArray_76|       pointer|
|inputArray_76_o_ap_vld   |  out|     1|     ap_ovld|       inputArray_76|       pointer|
|inputArray_75_i          |   in|    13|     ap_ovld|       inputArray_75|       pointer|
|inputArray_75_o          |  out|    13|     ap_ovld|       inputArray_75|       pointer|
|inputArray_75_o_ap_vld   |  out|     1|     ap_ovld|       inputArray_75|       pointer|
|inputArray_74_i          |   in|    13|     ap_ovld|       inputArray_74|       pointer|
|inputArray_74_o          |  out|    13|     ap_ovld|       inputArray_74|       pointer|
|inputArray_74_o_ap_vld   |  out|     1|     ap_ovld|       inputArray_74|       pointer|
|inputArray_73_i          |   in|    13|     ap_ovld|       inputArray_73|       pointer|
|inputArray_73_o          |  out|    13|     ap_ovld|       inputArray_73|       pointer|
|inputArray_73_o_ap_vld   |  out|     1|     ap_ovld|       inputArray_73|       pointer|
|inputArray_72_i          |   in|    13|     ap_ovld|       inputArray_72|       pointer|
|inputArray_72_o          |  out|    13|     ap_ovld|       inputArray_72|       pointer|
|inputArray_72_o_ap_vld   |  out|     1|     ap_ovld|       inputArray_72|       pointer|
|inputArray_71_i          |   in|    13|     ap_ovld|       inputArray_71|       pointer|
|inputArray_71_o          |  out|    13|     ap_ovld|       inputArray_71|       pointer|
|inputArray_71_o_ap_vld   |  out|     1|     ap_ovld|       inputArray_71|       pointer|
|inputArray_70_i          |   in|    13|     ap_ovld|       inputArray_70|       pointer|
|inputArray_70_o          |  out|    13|     ap_ovld|       inputArray_70|       pointer|
|inputArray_70_o_ap_vld   |  out|     1|     ap_ovld|       inputArray_70|       pointer|
|inputArray_69_i          |   in|    13|     ap_ovld|       inputArray_69|       pointer|
|inputArray_69_o          |  out|    13|     ap_ovld|       inputArray_69|       pointer|
|inputArray_69_o_ap_vld   |  out|     1|     ap_ovld|       inputArray_69|       pointer|
|inputArray_68_i          |   in|    13|     ap_ovld|       inputArray_68|       pointer|
|inputArray_68_o          |  out|    13|     ap_ovld|       inputArray_68|       pointer|
|inputArray_68_o_ap_vld   |  out|     1|     ap_ovld|       inputArray_68|       pointer|
|inputArray_67_i          |   in|    13|     ap_ovld|       inputArray_67|       pointer|
|inputArray_67_o          |  out|    13|     ap_ovld|       inputArray_67|       pointer|
|inputArray_67_o_ap_vld   |  out|     1|     ap_ovld|       inputArray_67|       pointer|
|inputArray_66_i          |   in|    13|     ap_ovld|       inputArray_66|       pointer|
|inputArray_66_o          |  out|    13|     ap_ovld|       inputArray_66|       pointer|
|inputArray_66_o_ap_vld   |  out|     1|     ap_ovld|       inputArray_66|       pointer|
|inputArray_65_i          |   in|    13|     ap_ovld|       inputArray_65|       pointer|
|inputArray_65_o          |  out|    13|     ap_ovld|       inputArray_65|       pointer|
|inputArray_65_o_ap_vld   |  out|     1|     ap_ovld|       inputArray_65|       pointer|
|inputArray_64_i          |   in|    13|     ap_ovld|       inputArray_64|       pointer|
|inputArray_64_o          |  out|    13|     ap_ovld|       inputArray_64|       pointer|
|inputArray_64_o_ap_vld   |  out|     1|     ap_ovld|       inputArray_64|       pointer|
|inputArray_63_i          |   in|    13|     ap_ovld|       inputArray_63|       pointer|
|inputArray_63_o          |  out|    13|     ap_ovld|       inputArray_63|       pointer|
|inputArray_63_o_ap_vld   |  out|     1|     ap_ovld|       inputArray_63|       pointer|
|inputArray_62_i          |   in|    13|     ap_ovld|       inputArray_62|       pointer|
|inputArray_62_o          |  out|    13|     ap_ovld|       inputArray_62|       pointer|
|inputArray_62_o_ap_vld   |  out|     1|     ap_ovld|       inputArray_62|       pointer|
|inputArray_61_i          |   in|    13|     ap_ovld|       inputArray_61|       pointer|
|inputArray_61_o          |  out|    13|     ap_ovld|       inputArray_61|       pointer|
|inputArray_61_o_ap_vld   |  out|     1|     ap_ovld|       inputArray_61|       pointer|
|inputArray_60_i          |   in|    13|     ap_ovld|       inputArray_60|       pointer|
|inputArray_60_o          |  out|    13|     ap_ovld|       inputArray_60|       pointer|
|inputArray_60_o_ap_vld   |  out|     1|     ap_ovld|       inputArray_60|       pointer|
|inputArray_59_i          |   in|    13|     ap_ovld|       inputArray_59|       pointer|
|inputArray_59_o          |  out|    13|     ap_ovld|       inputArray_59|       pointer|
|inputArray_59_o_ap_vld   |  out|     1|     ap_ovld|       inputArray_59|       pointer|
|inputArray_58_i          |   in|    13|     ap_ovld|       inputArray_58|       pointer|
|inputArray_58_o          |  out|    13|     ap_ovld|       inputArray_58|       pointer|
|inputArray_58_o_ap_vld   |  out|     1|     ap_ovld|       inputArray_58|       pointer|
|inputArray_57_i          |   in|    13|     ap_ovld|       inputArray_57|       pointer|
|inputArray_57_o          |  out|    13|     ap_ovld|       inputArray_57|       pointer|
|inputArray_57_o_ap_vld   |  out|     1|     ap_ovld|       inputArray_57|       pointer|
|inputArray_56_i          |   in|    13|     ap_ovld|       inputArray_56|       pointer|
|inputArray_56_o          |  out|    13|     ap_ovld|       inputArray_56|       pointer|
|inputArray_56_o_ap_vld   |  out|     1|     ap_ovld|       inputArray_56|       pointer|
|inputArray_55_i          |   in|    13|     ap_ovld|       inputArray_55|       pointer|
|inputArray_55_o          |  out|    13|     ap_ovld|       inputArray_55|       pointer|
|inputArray_55_o_ap_vld   |  out|     1|     ap_ovld|       inputArray_55|       pointer|
|inputArray_54_i          |   in|    13|     ap_ovld|       inputArray_54|       pointer|
|inputArray_54_o          |  out|    13|     ap_ovld|       inputArray_54|       pointer|
|inputArray_54_o_ap_vld   |  out|     1|     ap_ovld|       inputArray_54|       pointer|
|inputArray_53_i          |   in|    13|     ap_ovld|       inputArray_53|       pointer|
|inputArray_53_o          |  out|    13|     ap_ovld|       inputArray_53|       pointer|
|inputArray_53_o_ap_vld   |  out|     1|     ap_ovld|       inputArray_53|       pointer|
|inputArray_52_i          |   in|    13|     ap_ovld|       inputArray_52|       pointer|
|inputArray_52_o          |  out|    13|     ap_ovld|       inputArray_52|       pointer|
|inputArray_52_o_ap_vld   |  out|     1|     ap_ovld|       inputArray_52|       pointer|
|inputArray_51_i          |   in|    13|     ap_ovld|       inputArray_51|       pointer|
|inputArray_51_o          |  out|    13|     ap_ovld|       inputArray_51|       pointer|
|inputArray_51_o_ap_vld   |  out|     1|     ap_ovld|       inputArray_51|       pointer|
|inputArray_50_i          |   in|    13|     ap_ovld|       inputArray_50|       pointer|
|inputArray_50_o          |  out|    13|     ap_ovld|       inputArray_50|       pointer|
|inputArray_50_o_ap_vld   |  out|     1|     ap_ovld|       inputArray_50|       pointer|
|inputArray_49_i          |   in|    13|     ap_ovld|       inputArray_49|       pointer|
|inputArray_49_o          |  out|    13|     ap_ovld|       inputArray_49|       pointer|
|inputArray_49_o_ap_vld   |  out|     1|     ap_ovld|       inputArray_49|       pointer|
|inputArray_48_i          |   in|    13|     ap_ovld|       inputArray_48|       pointer|
|inputArray_48_o          |  out|    13|     ap_ovld|       inputArray_48|       pointer|
|inputArray_48_o_ap_vld   |  out|     1|     ap_ovld|       inputArray_48|       pointer|
|inputArray_47_i          |   in|    13|     ap_ovld|       inputArray_47|       pointer|
|inputArray_47_o          |  out|    13|     ap_ovld|       inputArray_47|       pointer|
|inputArray_47_o_ap_vld   |  out|     1|     ap_ovld|       inputArray_47|       pointer|
|inputArray_46_i          |   in|    13|     ap_ovld|       inputArray_46|       pointer|
|inputArray_46_o          |  out|    13|     ap_ovld|       inputArray_46|       pointer|
|inputArray_46_o_ap_vld   |  out|     1|     ap_ovld|       inputArray_46|       pointer|
|inputArray_45_i          |   in|    13|     ap_ovld|       inputArray_45|       pointer|
|inputArray_45_o          |  out|    13|     ap_ovld|       inputArray_45|       pointer|
|inputArray_45_o_ap_vld   |  out|     1|     ap_ovld|       inputArray_45|       pointer|
|inputArray_44_i          |   in|    13|     ap_ovld|       inputArray_44|       pointer|
|inputArray_44_o          |  out|    13|     ap_ovld|       inputArray_44|       pointer|
|inputArray_44_o_ap_vld   |  out|     1|     ap_ovld|       inputArray_44|       pointer|
|inputArray_43_i          |   in|    13|     ap_ovld|       inputArray_43|       pointer|
|inputArray_43_o          |  out|    13|     ap_ovld|       inputArray_43|       pointer|
|inputArray_43_o_ap_vld   |  out|     1|     ap_ovld|       inputArray_43|       pointer|
|inputArray_42_i          |   in|    13|     ap_ovld|       inputArray_42|       pointer|
|inputArray_42_o          |  out|    13|     ap_ovld|       inputArray_42|       pointer|
|inputArray_42_o_ap_vld   |  out|     1|     ap_ovld|       inputArray_42|       pointer|
|inputArray_41_i          |   in|    13|     ap_ovld|       inputArray_41|       pointer|
|inputArray_41_o          |  out|    13|     ap_ovld|       inputArray_41|       pointer|
|inputArray_41_o_ap_vld   |  out|     1|     ap_ovld|       inputArray_41|       pointer|
|inputArray_40_i          |   in|    13|     ap_ovld|       inputArray_40|       pointer|
|inputArray_40_o          |  out|    13|     ap_ovld|       inputArray_40|       pointer|
|inputArray_40_o_ap_vld   |  out|     1|     ap_ovld|       inputArray_40|       pointer|
|inputArray_39_i          |   in|    13|     ap_ovld|       inputArray_39|       pointer|
|inputArray_39_o          |  out|    13|     ap_ovld|       inputArray_39|       pointer|
|inputArray_39_o_ap_vld   |  out|     1|     ap_ovld|       inputArray_39|       pointer|
|inputArray_38_i          |   in|    13|     ap_ovld|       inputArray_38|       pointer|
|inputArray_38_o          |  out|    13|     ap_ovld|       inputArray_38|       pointer|
|inputArray_38_o_ap_vld   |  out|     1|     ap_ovld|       inputArray_38|       pointer|
|inputArray_37_i          |   in|    13|     ap_ovld|       inputArray_37|       pointer|
|inputArray_37_o          |  out|    13|     ap_ovld|       inputArray_37|       pointer|
|inputArray_37_o_ap_vld   |  out|     1|     ap_ovld|       inputArray_37|       pointer|
|inputArray_36_i          |   in|    13|     ap_ovld|       inputArray_36|       pointer|
|inputArray_36_o          |  out|    13|     ap_ovld|       inputArray_36|       pointer|
|inputArray_36_o_ap_vld   |  out|     1|     ap_ovld|       inputArray_36|       pointer|
|inputArray_35_i          |   in|    13|     ap_ovld|       inputArray_35|       pointer|
|inputArray_35_o          |  out|    13|     ap_ovld|       inputArray_35|       pointer|
|inputArray_35_o_ap_vld   |  out|     1|     ap_ovld|       inputArray_35|       pointer|
|inputArray_34_i          |   in|    13|     ap_ovld|       inputArray_34|       pointer|
|inputArray_34_o          |  out|    13|     ap_ovld|       inputArray_34|       pointer|
|inputArray_34_o_ap_vld   |  out|     1|     ap_ovld|       inputArray_34|       pointer|
|inputArray_33_i          |   in|    13|     ap_ovld|       inputArray_33|       pointer|
|inputArray_33_o          |  out|    13|     ap_ovld|       inputArray_33|       pointer|
|inputArray_33_o_ap_vld   |  out|     1|     ap_ovld|       inputArray_33|       pointer|
|inputArray_32_i          |   in|    13|     ap_ovld|       inputArray_32|       pointer|
|inputArray_32_o          |  out|    13|     ap_ovld|       inputArray_32|       pointer|
|inputArray_32_o_ap_vld   |  out|     1|     ap_ovld|       inputArray_32|       pointer|
|inputArray_31_i          |   in|    13|     ap_ovld|       inputArray_31|       pointer|
|inputArray_31_o          |  out|    13|     ap_ovld|       inputArray_31|       pointer|
|inputArray_31_o_ap_vld   |  out|     1|     ap_ovld|       inputArray_31|       pointer|
|inputArray_30_i          |   in|    13|     ap_ovld|       inputArray_30|       pointer|
|inputArray_30_o          |  out|    13|     ap_ovld|       inputArray_30|       pointer|
|inputArray_30_o_ap_vld   |  out|     1|     ap_ovld|       inputArray_30|       pointer|
|inputArray_29_i          |   in|    13|     ap_ovld|       inputArray_29|       pointer|
|inputArray_29_o          |  out|    13|     ap_ovld|       inputArray_29|       pointer|
|inputArray_29_o_ap_vld   |  out|     1|     ap_ovld|       inputArray_29|       pointer|
|inputArray_28_i          |   in|    13|     ap_ovld|       inputArray_28|       pointer|
|inputArray_28_o          |  out|    13|     ap_ovld|       inputArray_28|       pointer|
|inputArray_28_o_ap_vld   |  out|     1|     ap_ovld|       inputArray_28|       pointer|
|inputArray_27_i          |   in|    13|     ap_ovld|       inputArray_27|       pointer|
|inputArray_27_o          |  out|    13|     ap_ovld|       inputArray_27|       pointer|
|inputArray_27_o_ap_vld   |  out|     1|     ap_ovld|       inputArray_27|       pointer|
|inputArray_26_i          |   in|    13|     ap_ovld|       inputArray_26|       pointer|
|inputArray_26_o          |  out|    13|     ap_ovld|       inputArray_26|       pointer|
|inputArray_26_o_ap_vld   |  out|     1|     ap_ovld|       inputArray_26|       pointer|
|inputArray_25_i          |   in|    13|     ap_ovld|       inputArray_25|       pointer|
|inputArray_25_o          |  out|    13|     ap_ovld|       inputArray_25|       pointer|
|inputArray_25_o_ap_vld   |  out|     1|     ap_ovld|       inputArray_25|       pointer|
|inputArray_24_i          |   in|    13|     ap_ovld|       inputArray_24|       pointer|
|inputArray_24_o          |  out|    13|     ap_ovld|       inputArray_24|       pointer|
|inputArray_24_o_ap_vld   |  out|     1|     ap_ovld|       inputArray_24|       pointer|
|inputArray_23_i          |   in|    13|     ap_ovld|       inputArray_23|       pointer|
|inputArray_23_o          |  out|    13|     ap_ovld|       inputArray_23|       pointer|
|inputArray_23_o_ap_vld   |  out|     1|     ap_ovld|       inputArray_23|       pointer|
|inputArray_22_i          |   in|    13|     ap_ovld|       inputArray_22|       pointer|
|inputArray_22_o          |  out|    13|     ap_ovld|       inputArray_22|       pointer|
|inputArray_22_o_ap_vld   |  out|     1|     ap_ovld|       inputArray_22|       pointer|
|inputArray_21_i          |   in|    13|     ap_ovld|       inputArray_21|       pointer|
|inputArray_21_o          |  out|    13|     ap_ovld|       inputArray_21|       pointer|
|inputArray_21_o_ap_vld   |  out|     1|     ap_ovld|       inputArray_21|       pointer|
|inputArray_20_i          |   in|    13|     ap_ovld|       inputArray_20|       pointer|
|inputArray_20_o          |  out|    13|     ap_ovld|       inputArray_20|       pointer|
|inputArray_20_o_ap_vld   |  out|     1|     ap_ovld|       inputArray_20|       pointer|
|inputArray_19_i          |   in|    13|     ap_ovld|       inputArray_19|       pointer|
|inputArray_19_o          |  out|    13|     ap_ovld|       inputArray_19|       pointer|
|inputArray_19_o_ap_vld   |  out|     1|     ap_ovld|       inputArray_19|       pointer|
|inputArray_18_i          |   in|    13|     ap_ovld|       inputArray_18|       pointer|
|inputArray_18_o          |  out|    13|     ap_ovld|       inputArray_18|       pointer|
|inputArray_18_o_ap_vld   |  out|     1|     ap_ovld|       inputArray_18|       pointer|
|inputArray_17_i          |   in|    13|     ap_ovld|       inputArray_17|       pointer|
|inputArray_17_o          |  out|    13|     ap_ovld|       inputArray_17|       pointer|
|inputArray_17_o_ap_vld   |  out|     1|     ap_ovld|       inputArray_17|       pointer|
|inputArray_16_i          |   in|    13|     ap_ovld|       inputArray_16|       pointer|
|inputArray_16_o          |  out|    13|     ap_ovld|       inputArray_16|       pointer|
|inputArray_16_o_ap_vld   |  out|     1|     ap_ovld|       inputArray_16|       pointer|
|inputArray_15_i          |   in|    13|     ap_ovld|       inputArray_15|       pointer|
|inputArray_15_o          |  out|    13|     ap_ovld|       inputArray_15|       pointer|
|inputArray_15_o_ap_vld   |  out|     1|     ap_ovld|       inputArray_15|       pointer|
|inputArray_14_i          |   in|    13|     ap_ovld|       inputArray_14|       pointer|
|inputArray_14_o          |  out|    13|     ap_ovld|       inputArray_14|       pointer|
|inputArray_14_o_ap_vld   |  out|     1|     ap_ovld|       inputArray_14|       pointer|
|inputArray_13_i          |   in|    13|     ap_ovld|       inputArray_13|       pointer|
|inputArray_13_o          |  out|    13|     ap_ovld|       inputArray_13|       pointer|
|inputArray_13_o_ap_vld   |  out|     1|     ap_ovld|       inputArray_13|       pointer|
|inputArray_12_i          |   in|    13|     ap_ovld|       inputArray_12|       pointer|
|inputArray_12_o          |  out|    13|     ap_ovld|       inputArray_12|       pointer|
|inputArray_12_o_ap_vld   |  out|     1|     ap_ovld|       inputArray_12|       pointer|
|inputArray_11_i          |   in|    13|     ap_ovld|       inputArray_11|       pointer|
|inputArray_11_o          |  out|    13|     ap_ovld|       inputArray_11|       pointer|
|inputArray_11_o_ap_vld   |  out|     1|     ap_ovld|       inputArray_11|       pointer|
|inputArray_10_i          |   in|    13|     ap_ovld|       inputArray_10|       pointer|
|inputArray_10_o          |  out|    13|     ap_ovld|       inputArray_10|       pointer|
|inputArray_10_o_ap_vld   |  out|     1|     ap_ovld|       inputArray_10|       pointer|
|inputArray_9_i           |   in|    13|     ap_ovld|        inputArray_9|       pointer|
|inputArray_9_o           |  out|    13|     ap_ovld|        inputArray_9|       pointer|
|inputArray_9_o_ap_vld    |  out|     1|     ap_ovld|        inputArray_9|       pointer|
|inputArray_8_i           |   in|    13|     ap_ovld|        inputArray_8|       pointer|
|inputArray_8_o           |  out|    13|     ap_ovld|        inputArray_8|       pointer|
|inputArray_8_o_ap_vld    |  out|     1|     ap_ovld|        inputArray_8|       pointer|
|inputArray_7_i           |   in|    13|     ap_ovld|        inputArray_7|       pointer|
|inputArray_7_o           |  out|    13|     ap_ovld|        inputArray_7|       pointer|
|inputArray_7_o_ap_vld    |  out|     1|     ap_ovld|        inputArray_7|       pointer|
|inputArray_6_i           |   in|    13|     ap_ovld|        inputArray_6|       pointer|
|inputArray_6_o           |  out|    13|     ap_ovld|        inputArray_6|       pointer|
|inputArray_6_o_ap_vld    |  out|     1|     ap_ovld|        inputArray_6|       pointer|
|inputArray_5_i           |   in|    13|     ap_ovld|        inputArray_5|       pointer|
|inputArray_5_o           |  out|    13|     ap_ovld|        inputArray_5|       pointer|
|inputArray_5_o_ap_vld    |  out|     1|     ap_ovld|        inputArray_5|       pointer|
|inputArray_4_i           |   in|    13|     ap_ovld|        inputArray_4|       pointer|
|inputArray_4_o           |  out|    13|     ap_ovld|        inputArray_4|       pointer|
|inputArray_4_o_ap_vld    |  out|     1|     ap_ovld|        inputArray_4|       pointer|
|inputArray_3_i           |   in|    13|     ap_ovld|        inputArray_3|       pointer|
|inputArray_3_o           |  out|    13|     ap_ovld|        inputArray_3|       pointer|
|inputArray_3_o_ap_vld    |  out|     1|     ap_ovld|        inputArray_3|       pointer|
|inputArray_2_i           |   in|    13|     ap_ovld|        inputArray_2|       pointer|
|inputArray_2_o           |  out|    13|     ap_ovld|        inputArray_2|       pointer|
|inputArray_2_o_ap_vld    |  out|     1|     ap_ovld|        inputArray_2|       pointer|
|inputArray_1_i           |   in|    13|     ap_ovld|        inputArray_1|       pointer|
|inputArray_1_o           |  out|    13|     ap_ovld|        inputArray_1|       pointer|
|inputArray_1_o_ap_vld    |  out|     1|     ap_ovld|        inputArray_1|       pointer|
|inputArray_0_i           |   in|    13|     ap_ovld|        inputArray_0|       pointer|
|inputArray_0_o           |  out|    13|     ap_ovld|        inputArray_0|       pointer|
|inputArray_0_o_ap_vld    |  out|     1|     ap_ovld|        inputArray_0|       pointer|
|bitmask2_1_reload        |   in|  4096|     ap_none|   bitmask2_1_reload|        scalar|
+-------------------------+-----+------+------------+--------------------+--------------+

