

================================================================
== Vitis HLS Report for 'top'
================================================================
* Date:           Tue Jul 15 11:40:45 2025

* Version:        2024.2 (Build 5238294 on Nov  8 2024)
* Project:        filtering_tests
* Solution:       loop1_base (Vivado IP Flow Target)
* Product family: versalpremium
* Target device:  xcvp1802-lsvc4072-2MP-e-S


================================================================
== Performance Estimates
================================================================
+ Timing: 
    * Summary: 
    +--------+---------+----------+------------+
    |  Clock |  Target | Estimated| Uncertainty|
    +--------+---------+----------+------------+
    |ap_clk  |  4.00 ns|  2.884 ns|     1.08 ns|
    +--------+---------+----------+------------+

+ Latency: 
    * Summary: 
    +---------+---------+----------+----------+-----+-----+---------+
    |  Latency (cycles) |  Latency (absolute) |  Interval | Pipeline|
    |   min   |   max   |    min   |    max   | min | max |   Type  |
    +---------+---------+----------+----------+-----+-----+---------+
    |      263|      263|  1.052 us|  1.052 us|  264|  264|       no|
    +---------+---------+----------+----------+-----+-----+---------+

    + Detail: 
        * Instance: 
        +--------------------------------+--------------------+---------+---------+----------+----------+-----+-----+------------------------------------------------+
        |                                |                    |  Latency (cycles) |  Latency (absolute) |  Interval |                    Pipeline                    |
        |            Instance            |       Module       |   min   |   max   |    min   |    max   | min | max |                      Type                      |
        +--------------------------------+--------------------+---------+---------+----------+----------+-----+-----+------------------------------------------------+
        |grp_top_Pipeline_loop1_fu_1316  |top_Pipeline_loop1  |      130|      130|  0.520 us|  0.520 us|  129|  129|  loop auto-rewind stp (delay=0 clock cycles(s))|
        |grp_top_Pipeline_loop2_fu_1578  |top_Pipeline_loop2  |      130|      130|  0.520 us|  0.520 us|  129|  129|  loop auto-rewind stp (delay=0 clock cycles(s))|
        +--------------------------------+--------------------+---------+---------+----------+----------+-----+-----+------------------------------------------------+

        * Loop: 
        N/A



================================================================
== Utilization Estimates
================================================================
* Summary: 
+---------------------+---------+-------+---------+---------+------+
|         Name        | BRAM_18K|  DSP  |    FF   |   LUT   | URAM |
+---------------------+---------+-------+---------+---------+------+
|DSP                  |        -|      -|        -|        -|     -|
|Expression           |        -|      -|        -|        -|     -|
|FIFO                 |        -|      -|        -|        -|     -|
|Instance             |        -|      -|   164169|    89710|     -|
|Memory               |        -|      -|        -|        -|     -|
|Multiplexer          |        -|      -|        0|     2051|     -|
|Register             |        -|      -|     3334|        -|     -|
+---------------------+---------+-------+---------+---------+------+
|Total                |        0|      0|   167503|    91761|     0|
+---------------------+---------+-------+---------+---------+------+
|Available SLR        |     2470|   3588|  1680448|   840224|   637|
+---------------------+---------+-------+---------+---------+------+
|Utilization SLR (%)  |        0|      0|        9|       10|     0|
+---------------------+---------+-------+---------+---------+------+
|Available            |     9882|  14352|  6721792|  3360896|  2549|
+---------------------+---------+-------+---------+---------+------+
|Utilization (%)      |        0|      0|        2|        2|     0|
+---------------------+---------+-------+---------+---------+------+

+ Detail: 
    * Instance: 
    +--------------------------------+--------------------+---------+----+--------+-------+-----+
    |            Instance            |       Module       | BRAM_18K| DSP|   FF   |  LUT  | URAM|
    +--------------------------------+--------------------+---------+----+--------+-------+-----+
    |grp_top_Pipeline_loop1_fu_1316  |top_Pipeline_loop1  |        0|   0|  164125|  84213|    0|
    |grp_top_Pipeline_loop2_fu_1578  |top_Pipeline_loop2  |        0|   0|      44|   5497|    0|
    +--------------------------------+--------------------+---------+----+--------+-------+-----+
    |Total                           |                    |        0|   0|  164169|  89710|    0|
    +--------------------------------+--------------------+---------+----+--------+-------+-----+

    * DSP: 
    N/A

    * Memory: 
    N/A

    * FIFO: 
    N/A

    * Expression: 
    N/A

    * Multiplexer: 
    +------------------+----+-----------+-----+-----------+
    |       Name       | LUT| Input Size| Bits| Total Bits|
    +------------------+----+-----------+-----+-----------+
    |ap_NS_fsm         |   3|          5|    1|          5|
    |inputArray_0_o    |  16|          2|   13|         26|
    |inputArray_100_o  |  16|          2|   13|         26|
    |inputArray_101_o  |  16|          2|   13|         26|
    |inputArray_102_o  |  16|          2|   13|         26|
    |inputArray_103_o  |  16|          2|   13|         26|
    |inputArray_104_o  |  16|          2|   13|         26|
    |inputArray_105_o  |  16|          2|   13|         26|
    |inputArray_106_o  |  16|          2|   13|         26|
    |inputArray_107_o  |  16|          2|   13|         26|
    |inputArray_108_o  |  16|          2|   13|         26|
    |inputArray_109_o  |  16|          2|   13|         26|
    |inputArray_10_o   |  16|          2|   13|         26|
    |inputArray_110_o  |  16|          2|   13|         26|
    |inputArray_111_o  |  16|          2|   13|         26|
    |inputArray_112_o  |  16|          2|   13|         26|
    |inputArray_113_o  |  16|          2|   13|         26|
    |inputArray_114_o  |  16|          2|   13|         26|
    |inputArray_115_o  |  16|          2|   13|         26|
    |inputArray_116_o  |  16|          2|   13|         26|
    |inputArray_117_o  |  16|          2|   13|         26|
    |inputArray_118_o  |  16|          2|   13|         26|
    |inputArray_119_o  |  16|          2|   13|         26|
    |inputArray_11_o   |  16|          2|   13|         26|
    |inputArray_120_o  |  16|          2|   13|         26|
    |inputArray_121_o  |  16|          2|   13|         26|
    |inputArray_122_o  |  16|          2|   13|         26|
    |inputArray_123_o  |  16|          2|   13|         26|
    |inputArray_124_o  |  16|          2|   13|         26|
    |inputArray_125_o  |  16|          2|   13|         26|
    |inputArray_126_o  |  16|          2|   13|         26|
    |inputArray_127_o  |  16|          2|   13|         26|
    |inputArray_12_o   |  16|          2|   13|         26|
    |inputArray_13_o   |  16|          2|   13|         26|
    |inputArray_14_o   |  16|          2|   13|         26|
    |inputArray_15_o   |  16|          2|   13|         26|
    |inputArray_16_o   |  16|          2|   13|         26|
    |inputArray_17_o   |  16|          2|   13|         26|
    |inputArray_18_o   |  16|          2|   13|         26|
    |inputArray_19_o   |  16|          2|   13|         26|
    |inputArray_1_o    |  16|          2|   13|         26|
    |inputArray_20_o   |  16|          2|   13|         26|
    |inputArray_21_o   |  16|          2|   13|         26|
    |inputArray_22_o   |  16|          2|   13|         26|
    |inputArray_23_o   |  16|          2|   13|         26|
    |inputArray_24_o   |  16|          2|   13|         26|
    |inputArray_25_o   |  16|          2|   13|         26|
    |inputArray_26_o   |  16|          2|   13|         26|
    |inputArray_27_o   |  16|          2|   13|         26|
    |inputArray_28_o   |  16|          2|   13|         26|
    |inputArray_29_o   |  16|          2|   13|         26|
    |inputArray_2_o    |  16|          2|   13|         26|
    |inputArray_30_o   |  16|          2|   13|         26|
    |inputArray_31_o   |  16|          2|   13|         26|
    |inputArray_32_o   |  16|          2|   13|         26|
    |inputArray_33_o   |  16|          2|   13|         26|
    |inputArray_34_o   |  16|          2|   13|         26|
    |inputArray_35_o   |  16|          2|   13|         26|
    |inputArray_36_o   |  16|          2|   13|         26|
    |inputArray_37_o   |  16|          2|   13|         26|
    |inputArray_38_o   |  16|          2|   13|         26|
    |inputArray_39_o   |  16|          2|   13|         26|
    |inputArray_3_o    |  16|          2|   13|         26|
    |inputArray_40_o   |  16|          2|   13|         26|
    |inputArray_41_o   |  16|          2|   13|         26|
    |inputArray_42_o   |  16|          2|   13|         26|
    |inputArray_43_o   |  16|          2|   13|         26|
    |inputArray_44_o   |  16|          2|   13|         26|
    |inputArray_45_o   |  16|          2|   13|         26|
    |inputArray_46_o   |  16|          2|   13|         26|
    |inputArray_47_o   |  16|          2|   13|         26|
    |inputArray_48_o   |  16|          2|   13|         26|
    |inputArray_49_o   |  16|          2|   13|         26|
    |inputArray_4_o    |  16|          2|   13|         26|
    |inputArray_50_o   |  16|          2|   13|         26|
    |inputArray_51_o   |  16|          2|   13|         26|
    |inputArray_52_o   |  16|          2|   13|         26|
    |inputArray_53_o   |  16|          2|   13|         26|
    |inputArray_54_o   |  16|          2|   13|         26|
    |inputArray_55_o   |  16|          2|   13|         26|
    |inputArray_56_o   |  16|          2|   13|         26|
    |inputArray_57_o   |  16|          2|   13|         26|
    |inputArray_58_o   |  16|          2|   13|         26|
    |inputArray_59_o   |  16|          2|   13|         26|
    |inputArray_5_o    |  16|          2|   13|         26|
    |inputArray_60_o   |  16|          2|   13|         26|
    |inputArray_61_o   |  16|          2|   13|         26|
    |inputArray_62_o   |  16|          2|   13|         26|
    |inputArray_63_o   |  16|          2|   13|         26|
    |inputArray_64_o   |  16|          2|   13|         26|
    |inputArray_65_o   |  16|          2|   13|         26|
    |inputArray_66_o   |  16|          2|   13|         26|
    |inputArray_67_o   |  16|          2|   13|         26|
    |inputArray_68_o   |  16|          2|   13|         26|
    |inputArray_69_o   |  16|          2|   13|         26|
    |inputArray_6_o    |  16|          2|   13|         26|
    |inputArray_70_o   |  16|          2|   13|         26|
    |inputArray_71_o   |  16|          2|   13|         26|
    |inputArray_72_o   |  16|          2|   13|         26|
    |inputArray_73_o   |  16|          2|   13|         26|
    |inputArray_74_o   |  16|          2|   13|         26|
    |inputArray_75_o   |  16|          2|   13|         26|
    |inputArray_76_o   |  16|          2|   13|         26|
    |inputArray_77_o   |  16|          2|   13|         26|
    |inputArray_78_o   |  16|          2|   13|         26|
    |inputArray_79_o   |  16|          2|   13|         26|
    |inputArray_7_o    |  16|          2|   13|         26|
    |inputArray_80_o   |  16|          2|   13|         26|
    |inputArray_81_o   |  16|          2|   13|         26|
    |inputArray_82_o   |  16|          2|   13|         26|
    |inputArray_83_o   |  16|          2|   13|         26|
    |inputArray_84_o   |  16|          2|   13|         26|
    |inputArray_85_o   |  16|          2|   13|         26|
    |inputArray_86_o   |  16|          2|   13|         26|
    |inputArray_87_o   |  16|          2|   13|         26|
    |inputArray_88_o   |  16|          2|   13|         26|
    |inputArray_89_o   |  16|          2|   13|         26|
    |inputArray_8_o    |  16|          2|   13|         26|
    |inputArray_90_o   |  16|          2|   13|         26|
    |inputArray_91_o   |  16|          2|   13|         26|
    |inputArray_92_o   |  16|          2|   13|         26|
    |inputArray_93_o   |  16|          2|   13|         26|
    |inputArray_94_o   |  16|          2|   13|         26|
    |inputArray_95_o   |  16|          2|   13|         26|
    |inputArray_96_o   |  16|          2|   13|         26|
    |inputArray_97_o   |  16|          2|   13|         26|
    |inputArray_98_o   |  16|          2|   13|         26|
    |inputArray_99_o   |  16|          2|   13|         26|
    |inputArray_9_o    |  16|          2|   13|         26|
    +------------------+----+-----------+-----+-----------+
    |Total             |2051|        261| 1665|       3333|
    +------------------+----+-----------+-----+-----------+

    * Register: 
    +---------------------------------------------+----+----+-----+-----------+
    |                     Name                    | FF | LUT| Bits| Const Bits|
    +---------------------------------------------+----+----+-----+-----------+
    |ap_CS_fsm                                    |   4|   0|    4|          0|
    |filterArray_0_read_reg_1860                  |  13|   0|   13|          0|
    |filterArray_100_read_reg_2360                |  13|   0|   13|          0|
    |filterArray_101_read_reg_2365                |  13|   0|   13|          0|
    |filterArray_102_read_reg_2370                |  13|   0|   13|          0|
    |filterArray_103_read_reg_2375                |  13|   0|   13|          0|
    |filterArray_104_read_reg_2380                |  13|   0|   13|          0|
    |filterArray_105_read_reg_2385                |  13|   0|   13|          0|
    |filterArray_106_read_reg_2390                |  13|   0|   13|          0|
    |filterArray_107_read_reg_2395                |  13|   0|   13|          0|
    |filterArray_108_read_reg_2400                |  13|   0|   13|          0|
    |filterArray_109_read_reg_2405                |  13|   0|   13|          0|
    |filterArray_10_read_reg_1910                 |  13|   0|   13|          0|
    |filterArray_110_read_reg_2410                |  13|   0|   13|          0|
    |filterArray_111_read_reg_2415                |  13|   0|   13|          0|
    |filterArray_112_read_reg_2420                |  13|   0|   13|          0|
    |filterArray_113_read_reg_2425                |  13|   0|   13|          0|
    |filterArray_114_read_reg_2430                |  13|   0|   13|          0|
    |filterArray_115_read_reg_2435                |  13|   0|   13|          0|
    |filterArray_116_read_reg_2440                |  13|   0|   13|          0|
    |filterArray_117_read_reg_2445                |  13|   0|   13|          0|
    |filterArray_118_read_reg_2450                |  13|   0|   13|          0|
    |filterArray_119_read_reg_2455                |  13|   0|   13|          0|
    |filterArray_11_read_reg_1915                 |  13|   0|   13|          0|
    |filterArray_120_read_reg_2460                |  13|   0|   13|          0|
    |filterArray_121_read_reg_2465                |  13|   0|   13|          0|
    |filterArray_122_read_reg_2470                |  13|   0|   13|          0|
    |filterArray_123_read_reg_2475                |  13|   0|   13|          0|
    |filterArray_124_read_reg_2480                |  13|   0|   13|          0|
    |filterArray_125_read_reg_2485                |  13|   0|   13|          0|
    |filterArray_126_read_reg_2490                |  13|   0|   13|          0|
    |filterArray_127_read_reg_2495                |  13|   0|   13|          0|
    |filterArray_12_read_reg_1920                 |  13|   0|   13|          0|
    |filterArray_13_read_reg_1925                 |  13|   0|   13|          0|
    |filterArray_14_read_reg_1930                 |  13|   0|   13|          0|
    |filterArray_15_read_reg_1935                 |  13|   0|   13|          0|
    |filterArray_16_read_reg_1940                 |  13|   0|   13|          0|
    |filterArray_17_read_reg_1945                 |  13|   0|   13|          0|
    |filterArray_18_read_reg_1950                 |  13|   0|   13|          0|
    |filterArray_19_read_reg_1955                 |  13|   0|   13|          0|
    |filterArray_1_read_reg_1865                  |  13|   0|   13|          0|
    |filterArray_20_read_reg_1960                 |  13|   0|   13|          0|
    |filterArray_21_read_reg_1965                 |  13|   0|   13|          0|
    |filterArray_22_read_reg_1970                 |  13|   0|   13|          0|
    |filterArray_23_read_reg_1975                 |  13|   0|   13|          0|
    |filterArray_24_read_reg_1980                 |  13|   0|   13|          0|
    |filterArray_25_read_reg_1985                 |  13|   0|   13|          0|
    |filterArray_26_read_reg_1990                 |  13|   0|   13|          0|
    |filterArray_27_read_reg_1995                 |  13|   0|   13|          0|
    |filterArray_28_read_reg_2000                 |  13|   0|   13|          0|
    |filterArray_29_read_reg_2005                 |  13|   0|   13|          0|
    |filterArray_2_read_reg_1870                  |  13|   0|   13|          0|
    |filterArray_30_read_reg_2010                 |  13|   0|   13|          0|
    |filterArray_31_read_reg_2015                 |  13|   0|   13|          0|
    |filterArray_32_read_reg_2020                 |  13|   0|   13|          0|
    |filterArray_33_read_reg_2025                 |  13|   0|   13|          0|
    |filterArray_34_read_reg_2030                 |  13|   0|   13|          0|
    |filterArray_35_read_reg_2035                 |  13|   0|   13|          0|
    |filterArray_36_read_reg_2040                 |  13|   0|   13|          0|
    |filterArray_37_read_reg_2045                 |  13|   0|   13|          0|
    |filterArray_38_read_reg_2050                 |  13|   0|   13|          0|
    |filterArray_39_read_reg_2055                 |  13|   0|   13|          0|
    |filterArray_3_read_reg_1875                  |  13|   0|   13|          0|
    |filterArray_40_read_reg_2060                 |  13|   0|   13|          0|
    |filterArray_41_read_reg_2065                 |  13|   0|   13|          0|
    |filterArray_42_read_reg_2070                 |  13|   0|   13|          0|
    |filterArray_43_read_reg_2075                 |  13|   0|   13|          0|
    |filterArray_44_read_reg_2080                 |  13|   0|   13|          0|
    |filterArray_45_read_reg_2085                 |  13|   0|   13|          0|
    |filterArray_46_read_reg_2090                 |  13|   0|   13|          0|
    |filterArray_47_read_reg_2095                 |  13|   0|   13|          0|
    |filterArray_48_read_reg_2100                 |  13|   0|   13|          0|
    |filterArray_49_read_reg_2105                 |  13|   0|   13|          0|
    |filterArray_4_read_reg_1880                  |  13|   0|   13|          0|
    |filterArray_50_read_reg_2110                 |  13|   0|   13|          0|
    |filterArray_51_read_reg_2115                 |  13|   0|   13|          0|
    |filterArray_52_read_reg_2120                 |  13|   0|   13|          0|
    |filterArray_53_read_reg_2125                 |  13|   0|   13|          0|
    |filterArray_54_read_reg_2130                 |  13|   0|   13|          0|
    |filterArray_55_read_reg_2135                 |  13|   0|   13|          0|
    |filterArray_56_read_reg_2140                 |  13|   0|   13|          0|
    |filterArray_57_read_reg_2145                 |  13|   0|   13|          0|
    |filterArray_58_read_reg_2150                 |  13|   0|   13|          0|
    |filterArray_59_read_reg_2155                 |  13|   0|   13|          0|
    |filterArray_5_read_reg_1885                  |  13|   0|   13|          0|
    |filterArray_60_read_reg_2160                 |  13|   0|   13|          0|
    |filterArray_61_read_reg_2165                 |  13|   0|   13|          0|
    |filterArray_62_read_reg_2170                 |  13|   0|   13|          0|
    |filterArray_63_read_reg_2175                 |  13|   0|   13|          0|
    |filterArray_64_read_reg_2180                 |  13|   0|   13|          0|
    |filterArray_65_read_reg_2185                 |  13|   0|   13|          0|
    |filterArray_66_read_reg_2190                 |  13|   0|   13|          0|
    |filterArray_67_read_reg_2195                 |  13|   0|   13|          0|
    |filterArray_68_read_reg_2200                 |  13|   0|   13|          0|
    |filterArray_69_read_reg_2205                 |  13|   0|   13|          0|
    |filterArray_6_read_reg_1890                  |  13|   0|   13|          0|
    |filterArray_70_read_reg_2210                 |  13|   0|   13|          0|
    |filterArray_71_read_reg_2215                 |  13|   0|   13|          0|
    |filterArray_72_read_reg_2220                 |  13|   0|   13|          0|
    |filterArray_73_read_reg_2225                 |  13|   0|   13|          0|
    |filterArray_74_read_reg_2230                 |  13|   0|   13|          0|
    |filterArray_75_read_reg_2235                 |  13|   0|   13|          0|
    |filterArray_76_read_reg_2240                 |  13|   0|   13|          0|
    |filterArray_77_read_reg_2245                 |  13|   0|   13|          0|
    |filterArray_78_read_reg_2250                 |  13|   0|   13|          0|
    |filterArray_79_read_reg_2255                 |  13|   0|   13|          0|
    |filterArray_7_read_reg_1895                  |  13|   0|   13|          0|
    |filterArray_80_read_reg_2260                 |  13|   0|   13|          0|
    |filterArray_81_read_reg_2265                 |  13|   0|   13|          0|
    |filterArray_82_read_reg_2270                 |  13|   0|   13|          0|
    |filterArray_83_read_reg_2275                 |  13|   0|   13|          0|
    |filterArray_84_read_reg_2280                 |  13|   0|   13|          0|
    |filterArray_85_read_reg_2285                 |  13|   0|   13|          0|
    |filterArray_86_read_reg_2290                 |  13|   0|   13|          0|
    |filterArray_87_read_reg_2295                 |  13|   0|   13|          0|
    |filterArray_88_read_reg_2300                 |  13|   0|   13|          0|
    |filterArray_89_read_reg_2305                 |  13|   0|   13|          0|
    |filterArray_8_read_reg_1900                  |  13|   0|   13|          0|
    |filterArray_90_read_reg_2310                 |  13|   0|   13|          0|
    |filterArray_91_read_reg_2315                 |  13|   0|   13|          0|
    |filterArray_92_read_reg_2320                 |  13|   0|   13|          0|
    |filterArray_93_read_reg_2325                 |  13|   0|   13|          0|
    |filterArray_94_read_reg_2330                 |  13|   0|   13|          0|
    |filterArray_95_read_reg_2335                 |  13|   0|   13|          0|
    |filterArray_96_read_reg_2340                 |  13|   0|   13|          0|
    |filterArray_97_read_reg_2345                 |  13|   0|   13|          0|
    |filterArray_98_read_reg_2350                 |  13|   0|   13|          0|
    |filterArray_99_read_reg_2355                 |  13|   0|   13|          0|
    |filterArray_9_read_reg_1905                  |  13|   0|   13|          0|
    |grp_top_Pipeline_loop1_fu_1316_ap_start_reg  |   1|   0|    1|          0|
    |grp_top_Pipeline_loop2_fu_1578_ap_start_reg  |   1|   0|    1|          0|
    |inputArray_0_o_reg                           |  13|   0|   13|          0|
    |inputArray_100_o_reg                         |  13|   0|   13|          0|
    |inputArray_101_o_reg                         |  13|   0|   13|          0|
    |inputArray_102_o_reg                         |  13|   0|   13|          0|
    |inputArray_103_o_reg                         |  13|   0|   13|          0|
    |inputArray_104_o_reg                         |  13|   0|   13|          0|
    |inputArray_105_o_reg                         |  13|   0|   13|          0|
    |inputArray_106_o_reg                         |  13|   0|   13|          0|
    |inputArray_107_o_reg                         |  13|   0|   13|          0|
    |inputArray_108_o_reg                         |  13|   0|   13|          0|
    |inputArray_109_o_reg                         |  13|   0|   13|          0|
    |inputArray_10_o_reg                          |  13|   0|   13|          0|
    |inputArray_110_o_reg                         |  13|   0|   13|          0|
    |inputArray_111_o_reg                         |  13|   0|   13|          0|
    |inputArray_112_o_reg                         |  13|   0|   13|          0|
    |inputArray_113_o_reg                         |  13|   0|   13|          0|
    |inputArray_114_o_reg                         |  13|   0|   13|          0|
    |inputArray_115_o_reg                         |  13|   0|   13|          0|
    |inputArray_116_o_reg                         |  13|   0|   13|          0|
    |inputArray_117_o_reg                         |  13|   0|   13|          0|
    |inputArray_118_o_reg                         |  13|   0|   13|          0|
    |inputArray_119_o_reg                         |  13|   0|   13|          0|
    |inputArray_11_o_reg                          |  13|   0|   13|          0|
    |inputArray_120_o_reg                         |  13|   0|   13|          0|
    |inputArray_121_o_reg                         |  13|   0|   13|          0|
    |inputArray_122_o_reg                         |  13|   0|   13|          0|
    |inputArray_123_o_reg                         |  13|   0|   13|          0|
    |inputArray_124_o_reg                         |  13|   0|   13|          0|
    |inputArray_125_o_reg                         |  13|   0|   13|          0|
    |inputArray_126_o_reg                         |  13|   0|   13|          0|
    |inputArray_127_o_reg                         |  13|   0|   13|          0|
    |inputArray_12_o_reg                          |  13|   0|   13|          0|
    |inputArray_13_o_reg                          |  13|   0|   13|          0|
    |inputArray_14_o_reg                          |  13|   0|   13|          0|
    |inputArray_15_o_reg                          |  13|   0|   13|          0|
    |inputArray_16_o_reg                          |  13|   0|   13|          0|
    |inputArray_17_o_reg                          |  13|   0|   13|          0|
    |inputArray_18_o_reg                          |  13|   0|   13|          0|
    |inputArray_19_o_reg                          |  13|   0|   13|          0|
    |inputArray_1_o_reg                           |  13|   0|   13|          0|
    |inputArray_20_o_reg                          |  13|   0|   13|          0|
    |inputArray_21_o_reg                          |  13|   0|   13|          0|
    |inputArray_22_o_reg                          |  13|   0|   13|          0|
    |inputArray_23_o_reg                          |  13|   0|   13|          0|
    |inputArray_24_o_reg                          |  13|   0|   13|          0|
    |inputArray_25_o_reg                          |  13|   0|   13|          0|
    |inputArray_26_o_reg                          |  13|   0|   13|          0|
    |inputArray_27_o_reg                          |  13|   0|   13|          0|
    |inputArray_28_o_reg                          |  13|   0|   13|          0|
    |inputArray_29_o_reg                          |  13|   0|   13|          0|
    |inputArray_2_o_reg                           |  13|   0|   13|          0|
    |inputArray_30_o_reg                          |  13|   0|   13|          0|
    |inputArray_31_o_reg                          |  13|   0|   13|          0|
    |inputArray_32_o_reg                          |  13|   0|   13|          0|
    |inputArray_33_o_reg                          |  13|   0|   13|          0|
    |inputArray_34_o_reg                          |  13|   0|   13|          0|
    |inputArray_35_o_reg                          |  13|   0|   13|          0|
    |inputArray_36_o_reg                          |  13|   0|   13|          0|
    |inputArray_37_o_reg                          |  13|   0|   13|          0|
    |inputArray_38_o_reg                          |  13|   0|   13|          0|
    |inputArray_39_o_reg                          |  13|   0|   13|          0|
    |inputArray_3_o_reg                           |  13|   0|   13|          0|
    |inputArray_40_o_reg                          |  13|   0|   13|          0|
    |inputArray_41_o_reg                          |  13|   0|   13|          0|
    |inputArray_42_o_reg                          |  13|   0|   13|          0|
    |inputArray_43_o_reg                          |  13|   0|   13|          0|
    |inputArray_44_o_reg                          |  13|   0|   13|          0|
    |inputArray_45_o_reg                          |  13|   0|   13|          0|
    |inputArray_46_o_reg                          |  13|   0|   13|          0|
    |inputArray_47_o_reg                          |  13|   0|   13|          0|
    |inputArray_48_o_reg                          |  13|   0|   13|          0|
    |inputArray_49_o_reg                          |  13|   0|   13|          0|
    |inputArray_4_o_reg                           |  13|   0|   13|          0|
    |inputArray_50_o_reg                          |  13|   0|   13|          0|
    |inputArray_51_o_reg                          |  13|   0|   13|          0|
    |inputArray_52_o_reg                          |  13|   0|   13|          0|
    |inputArray_53_o_reg                          |  13|   0|   13|          0|
    |inputArray_54_o_reg                          |  13|   0|   13|          0|
    |inputArray_55_o_reg                          |  13|   0|   13|          0|
    |inputArray_56_o_reg                          |  13|   0|   13|          0|
    |inputArray_57_o_reg                          |  13|   0|   13|          0|
    |inputArray_58_o_reg                          |  13|   0|   13|          0|
    |inputArray_59_o_reg                          |  13|   0|   13|          0|
    |inputArray_5_o_reg                           |  13|   0|   13|          0|
    |inputArray_60_o_reg                          |  13|   0|   13|          0|
    |inputArray_61_o_reg                          |  13|   0|   13|          0|
    |inputArray_62_o_reg                          |  13|   0|   13|          0|
    |inputArray_63_o_reg                          |  13|   0|   13|          0|
    |inputArray_64_o_reg                          |  13|   0|   13|          0|
    |inputArray_65_o_reg                          |  13|   0|   13|          0|
    |inputArray_66_o_reg                          |  13|   0|   13|          0|
    |inputArray_67_o_reg                          |  13|   0|   13|          0|
    |inputArray_68_o_reg                          |  13|   0|   13|          0|
    |inputArray_69_o_reg                          |  13|   0|   13|          0|
    |inputArray_6_o_reg                           |  13|   0|   13|          0|
    |inputArray_70_o_reg                          |  13|   0|   13|          0|
    |inputArray_71_o_reg                          |  13|   0|   13|          0|
    |inputArray_72_o_reg                          |  13|   0|   13|          0|
    |inputArray_73_o_reg                          |  13|   0|   13|          0|
    |inputArray_74_o_reg                          |  13|   0|   13|          0|
    |inputArray_75_o_reg                          |  13|   0|   13|          0|
    |inputArray_76_o_reg                          |  13|   0|   13|          0|
    |inputArray_77_o_reg                          |  13|   0|   13|          0|
    |inputArray_78_o_reg                          |  13|   0|   13|          0|
    |inputArray_79_o_reg                          |  13|   0|   13|          0|
    |inputArray_7_o_reg                           |  13|   0|   13|          0|
    |inputArray_80_o_reg                          |  13|   0|   13|          0|
    |inputArray_81_o_reg                          |  13|   0|   13|          0|
    |inputArray_82_o_reg                          |  13|   0|   13|          0|
    |inputArray_83_o_reg                          |  13|   0|   13|          0|
    |inputArray_84_o_reg                          |  13|   0|   13|          0|
    |inputArray_85_o_reg                          |  13|   0|   13|          0|
    |inputArray_86_o_reg                          |  13|   0|   13|          0|
    |inputArray_87_o_reg                          |  13|   0|   13|          0|
    |inputArray_88_o_reg                          |  13|   0|   13|          0|
    |inputArray_89_o_reg                          |  13|   0|   13|          0|
    |inputArray_8_o_reg                           |  13|   0|   13|          0|
    |inputArray_90_o_reg                          |  13|   0|   13|          0|
    |inputArray_91_o_reg                          |  13|   0|   13|          0|
    |inputArray_92_o_reg                          |  13|   0|   13|          0|
    |inputArray_93_o_reg                          |  13|   0|   13|          0|
    |inputArray_94_o_reg                          |  13|   0|   13|          0|
    |inputArray_95_o_reg                          |  13|   0|   13|          0|
    |inputArray_96_o_reg                          |  13|   0|   13|          0|
    |inputArray_97_o_reg                          |  13|   0|   13|          0|
    |inputArray_98_o_reg                          |  13|   0|   13|          0|
    |inputArray_99_o_reg                          |  13|   0|   13|          0|
    |inputArray_9_o_reg                           |  13|   0|   13|          0|
    +---------------------------------------------+----+----+-----+-----------+
    |Total                                        |3334|   0| 3334|          0|
    +---------------------------------------------+----+----+-----+-----------+



================================================================
== Interface
================================================================
* Summary: 
+-------------------------+-----+------+------------+-----------------+--------------+
|        RTL Ports        | Dir | Bits |  Protocol  |  Source Object  |    C Type    |
+-------------------------+-----+------+------------+-----------------+--------------+
|ap_clk                   |   in|     1|  ap_ctrl_hs|              top|  return value|
|ap_rst                   |   in|     1|  ap_ctrl_hs|              top|  return value|
|ap_start                 |   in|     1|  ap_ctrl_hs|              top|  return value|
|ap_done                  |  out|     1|  ap_ctrl_hs|              top|  return value|
|ap_idle                  |  out|     1|  ap_ctrl_hs|              top|  return value|
|ap_ready                 |  out|     1|  ap_ctrl_hs|              top|  return value|
|inputArray_0_i           |   in|    13|     ap_ovld|     inputArray_0|       pointer|
|inputArray_0_o           |  out|    13|     ap_ovld|     inputArray_0|       pointer|
|inputArray_0_o_ap_vld    |  out|     1|     ap_ovld|     inputArray_0|       pointer|
|inputArray_1_i           |   in|    13|     ap_ovld|     inputArray_1|       pointer|
|inputArray_1_o           |  out|    13|     ap_ovld|     inputArray_1|       pointer|
|inputArray_1_o_ap_vld    |  out|     1|     ap_ovld|     inputArray_1|       pointer|
|inputArray_2_i           |   in|    13|     ap_ovld|     inputArray_2|       pointer|
|inputArray_2_o           |  out|    13|     ap_ovld|     inputArray_2|       pointer|
|inputArray_2_o_ap_vld    |  out|     1|     ap_ovld|     inputArray_2|       pointer|
|inputArray_3_i           |   in|    13|     ap_ovld|     inputArray_3|       pointer|
|inputArray_3_o           |  out|    13|     ap_ovld|     inputArray_3|       pointer|
|inputArray_3_o_ap_vld    |  out|     1|     ap_ovld|     inputArray_3|       pointer|
|inputArray_4_i           |   in|    13|     ap_ovld|     inputArray_4|       pointer|
|inputArray_4_o           |  out|    13|     ap_ovld|     inputArray_4|       pointer|
|inputArray_4_o_ap_vld    |  out|     1|     ap_ovld|     inputArray_4|       pointer|
|inputArray_5_i           |   in|    13|     ap_ovld|     inputArray_5|       pointer|
|inputArray_5_o           |  out|    13|     ap_ovld|     inputArray_5|       pointer|
|inputArray_5_o_ap_vld    |  out|     1|     ap_ovld|     inputArray_5|       pointer|
|inputArray_6_i           |   in|    13|     ap_ovld|     inputArray_6|       pointer|
|inputArray_6_o           |  out|    13|     ap_ovld|     inputArray_6|       pointer|
|inputArray_6_o_ap_vld    |  out|     1|     ap_ovld|     inputArray_6|       pointer|
|inputArray_7_i           |   in|    13|     ap_ovld|     inputArray_7|       pointer|
|inputArray_7_o           |  out|    13|     ap_ovld|     inputArray_7|       pointer|
|inputArray_7_o_ap_vld    |  out|     1|     ap_ovld|     inputArray_7|       pointer|
|inputArray_8_i           |   in|    13|     ap_ovld|     inputArray_8|       pointer|
|inputArray_8_o           |  out|    13|     ap_ovld|     inputArray_8|       pointer|
|inputArray_8_o_ap_vld    |  out|     1|     ap_ovld|     inputArray_8|       pointer|
|inputArray_9_i           |   in|    13|     ap_ovld|     inputArray_9|       pointer|
|inputArray_9_o           |  out|    13|     ap_ovld|     inputArray_9|       pointer|
|inputArray_9_o_ap_vld    |  out|     1|     ap_ovld|     inputArray_9|       pointer|
|inputArray_10_i          |   in|    13|     ap_ovld|    inputArray_10|       pointer|
|inputArray_10_o          |  out|    13|     ap_ovld|    inputArray_10|       pointer|
|inputArray_10_o_ap_vld   |  out|     1|     ap_ovld|    inputArray_10|       pointer|
|inputArray_11_i          |   in|    13|     ap_ovld|    inputArray_11|       pointer|
|inputArray_11_o          |  out|    13|     ap_ovld|    inputArray_11|       pointer|
|inputArray_11_o_ap_vld   |  out|     1|     ap_ovld|    inputArray_11|       pointer|
|inputArray_12_i          |   in|    13|     ap_ovld|    inputArray_12|       pointer|
|inputArray_12_o          |  out|    13|     ap_ovld|    inputArray_12|       pointer|
|inputArray_12_o_ap_vld   |  out|     1|     ap_ovld|    inputArray_12|       pointer|
|inputArray_13_i          |   in|    13|     ap_ovld|    inputArray_13|       pointer|
|inputArray_13_o          |  out|    13|     ap_ovld|    inputArray_13|       pointer|
|inputArray_13_o_ap_vld   |  out|     1|     ap_ovld|    inputArray_13|       pointer|
|inputArray_14_i          |   in|    13|     ap_ovld|    inputArray_14|       pointer|
|inputArray_14_o          |  out|    13|     ap_ovld|    inputArray_14|       pointer|
|inputArray_14_o_ap_vld   |  out|     1|     ap_ovld|    inputArray_14|       pointer|
|inputArray_15_i          |   in|    13|     ap_ovld|    inputArray_15|       pointer|
|inputArray_15_o          |  out|    13|     ap_ovld|    inputArray_15|       pointer|
|inputArray_15_o_ap_vld   |  out|     1|     ap_ovld|    inputArray_15|       pointer|
|inputArray_16_i          |   in|    13|     ap_ovld|    inputArray_16|       pointer|
|inputArray_16_o          |  out|    13|     ap_ovld|    inputArray_16|       pointer|
|inputArray_16_o_ap_vld   |  out|     1|     ap_ovld|    inputArray_16|       pointer|
|inputArray_17_i          |   in|    13|     ap_ovld|    inputArray_17|       pointer|
|inputArray_17_o          |  out|    13|     ap_ovld|    inputArray_17|       pointer|
|inputArray_17_o_ap_vld   |  out|     1|     ap_ovld|    inputArray_17|       pointer|
|inputArray_18_i          |   in|    13|     ap_ovld|    inputArray_18|       pointer|
|inputArray_18_o          |  out|    13|     ap_ovld|    inputArray_18|       pointer|
|inputArray_18_o_ap_vld   |  out|     1|     ap_ovld|    inputArray_18|       pointer|
|inputArray_19_i          |   in|    13|     ap_ovld|    inputArray_19|       pointer|
|inputArray_19_o          |  out|    13|     ap_ovld|    inputArray_19|       pointer|
|inputArray_19_o_ap_vld   |  out|     1|     ap_ovld|    inputArray_19|       pointer|
|inputArray_20_i          |   in|    13|     ap_ovld|    inputArray_20|       pointer|
|inputArray_20_o          |  out|    13|     ap_ovld|    inputArray_20|       pointer|
|inputArray_20_o_ap_vld   |  out|     1|     ap_ovld|    inputArray_20|       pointer|
|inputArray_21_i          |   in|    13|     ap_ovld|    inputArray_21|       pointer|
|inputArray_21_o          |  out|    13|     ap_ovld|    inputArray_21|       pointer|
|inputArray_21_o_ap_vld   |  out|     1|     ap_ovld|    inputArray_21|       pointer|
|inputArray_22_i          |   in|    13|     ap_ovld|    inputArray_22|       pointer|
|inputArray_22_o          |  out|    13|     ap_ovld|    inputArray_22|       pointer|
|inputArray_22_o_ap_vld   |  out|     1|     ap_ovld|    inputArray_22|       pointer|
|inputArray_23_i          |   in|    13|     ap_ovld|    inputArray_23|       pointer|
|inputArray_23_o          |  out|    13|     ap_ovld|    inputArray_23|       pointer|
|inputArray_23_o_ap_vld   |  out|     1|     ap_ovld|    inputArray_23|       pointer|
|inputArray_24_i          |   in|    13|     ap_ovld|    inputArray_24|       pointer|
|inputArray_24_o          |  out|    13|     ap_ovld|    inputArray_24|       pointer|
|inputArray_24_o_ap_vld   |  out|     1|     ap_ovld|    inputArray_24|       pointer|
|inputArray_25_i          |   in|    13|     ap_ovld|    inputArray_25|       pointer|
|inputArray_25_o          |  out|    13|     ap_ovld|    inputArray_25|       pointer|
|inputArray_25_o_ap_vld   |  out|     1|     ap_ovld|    inputArray_25|       pointer|
|inputArray_26_i          |   in|    13|     ap_ovld|    inputArray_26|       pointer|
|inputArray_26_o          |  out|    13|     ap_ovld|    inputArray_26|       pointer|
|inputArray_26_o_ap_vld   |  out|     1|     ap_ovld|    inputArray_26|       pointer|
|inputArray_27_i          |   in|    13|     ap_ovld|    inputArray_27|       pointer|
|inputArray_27_o          |  out|    13|     ap_ovld|    inputArray_27|       pointer|
|inputArray_27_o_ap_vld   |  out|     1|     ap_ovld|    inputArray_27|       pointer|
|inputArray_28_i          |   in|    13|     ap_ovld|    inputArray_28|       pointer|
|inputArray_28_o          |  out|    13|     ap_ovld|    inputArray_28|       pointer|
|inputArray_28_o_ap_vld   |  out|     1|     ap_ovld|    inputArray_28|       pointer|
|inputArray_29_i          |   in|    13|     ap_ovld|    inputArray_29|       pointer|
|inputArray_29_o          |  out|    13|     ap_ovld|    inputArray_29|       pointer|
|inputArray_29_o_ap_vld   |  out|     1|     ap_ovld|    inputArray_29|       pointer|
|inputArray_30_i          |   in|    13|     ap_ovld|    inputArray_30|       pointer|
|inputArray_30_o          |  out|    13|     ap_ovld|    inputArray_30|       pointer|
|inputArray_30_o_ap_vld   |  out|     1|     ap_ovld|    inputArray_30|       pointer|
|inputArray_31_i          |   in|    13|     ap_ovld|    inputArray_31|       pointer|
|inputArray_31_o          |  out|    13|     ap_ovld|    inputArray_31|       pointer|
|inputArray_31_o_ap_vld   |  out|     1|     ap_ovld|    inputArray_31|       pointer|
|inputArray_32_i          |   in|    13|     ap_ovld|    inputArray_32|       pointer|
|inputArray_32_o          |  out|    13|     ap_ovld|    inputArray_32|       pointer|
|inputArray_32_o_ap_vld   |  out|     1|     ap_ovld|    inputArray_32|       pointer|
|inputArray_33_i          |   in|    13|     ap_ovld|    inputArray_33|       pointer|
|inputArray_33_o          |  out|    13|     ap_ovld|    inputArray_33|       pointer|
|inputArray_33_o_ap_vld   |  out|     1|     ap_ovld|    inputArray_33|       pointer|
|inputArray_34_i          |   in|    13|     ap_ovld|    inputArray_34|       pointer|
|inputArray_34_o          |  out|    13|     ap_ovld|    inputArray_34|       pointer|
|inputArray_34_o_ap_vld   |  out|     1|     ap_ovld|    inputArray_34|       pointer|
|inputArray_35_i          |   in|    13|     ap_ovld|    inputArray_35|       pointer|
|inputArray_35_o          |  out|    13|     ap_ovld|    inputArray_35|       pointer|
|inputArray_35_o_ap_vld   |  out|     1|     ap_ovld|    inputArray_35|       pointer|
|inputArray_36_i          |   in|    13|     ap_ovld|    inputArray_36|       pointer|
|inputArray_36_o          |  out|    13|     ap_ovld|    inputArray_36|       pointer|
|inputArray_36_o_ap_vld   |  out|     1|     ap_ovld|    inputArray_36|       pointer|
|inputArray_37_i          |   in|    13|     ap_ovld|    inputArray_37|       pointer|
|inputArray_37_o          |  out|    13|     ap_ovld|    inputArray_37|       pointer|
|inputArray_37_o_ap_vld   |  out|     1|     ap_ovld|    inputArray_37|       pointer|
|inputArray_38_i          |   in|    13|     ap_ovld|    inputArray_38|       pointer|
|inputArray_38_o          |  out|    13|     ap_ovld|    inputArray_38|       pointer|
|inputArray_38_o_ap_vld   |  out|     1|     ap_ovld|    inputArray_38|       pointer|
|inputArray_39_i          |   in|    13|     ap_ovld|    inputArray_39|       pointer|
|inputArray_39_o          |  out|    13|     ap_ovld|    inputArray_39|       pointer|
|inputArray_39_o_ap_vld   |  out|     1|     ap_ovld|    inputArray_39|       pointer|
|inputArray_40_i          |   in|    13|     ap_ovld|    inputArray_40|       pointer|
|inputArray_40_o          |  out|    13|     ap_ovld|    inputArray_40|       pointer|
|inputArray_40_o_ap_vld   |  out|     1|     ap_ovld|    inputArray_40|       pointer|
|inputArray_41_i          |   in|    13|     ap_ovld|    inputArray_41|       pointer|
|inputArray_41_o          |  out|    13|     ap_ovld|    inputArray_41|       pointer|
|inputArray_41_o_ap_vld   |  out|     1|     ap_ovld|    inputArray_41|       pointer|
|inputArray_42_i          |   in|    13|     ap_ovld|    inputArray_42|       pointer|
|inputArray_42_o          |  out|    13|     ap_ovld|    inputArray_42|       pointer|
|inputArray_42_o_ap_vld   |  out|     1|     ap_ovld|    inputArray_42|       pointer|
|inputArray_43_i          |   in|    13|     ap_ovld|    inputArray_43|       pointer|
|inputArray_43_o          |  out|    13|     ap_ovld|    inputArray_43|       pointer|
|inputArray_43_o_ap_vld   |  out|     1|     ap_ovld|    inputArray_43|       pointer|
|inputArray_44_i          |   in|    13|     ap_ovld|    inputArray_44|       pointer|
|inputArray_44_o          |  out|    13|     ap_ovld|    inputArray_44|       pointer|
|inputArray_44_o_ap_vld   |  out|     1|     ap_ovld|    inputArray_44|       pointer|
|inputArray_45_i          |   in|    13|     ap_ovld|    inputArray_45|       pointer|
|inputArray_45_o          |  out|    13|     ap_ovld|    inputArray_45|       pointer|
|inputArray_45_o_ap_vld   |  out|     1|     ap_ovld|    inputArray_45|       pointer|
|inputArray_46_i          |   in|    13|     ap_ovld|    inputArray_46|       pointer|
|inputArray_46_o          |  out|    13|     ap_ovld|    inputArray_46|       pointer|
|inputArray_46_o_ap_vld   |  out|     1|     ap_ovld|    inputArray_46|       pointer|
|inputArray_47_i          |   in|    13|     ap_ovld|    inputArray_47|       pointer|
|inputArray_47_o          |  out|    13|     ap_ovld|    inputArray_47|       pointer|
|inputArray_47_o_ap_vld   |  out|     1|     ap_ovld|    inputArray_47|       pointer|
|inputArray_48_i          |   in|    13|     ap_ovld|    inputArray_48|       pointer|
|inputArray_48_o          |  out|    13|     ap_ovld|    inputArray_48|       pointer|
|inputArray_48_o_ap_vld   |  out|     1|     ap_ovld|    inputArray_48|       pointer|
|inputArray_49_i          |   in|    13|     ap_ovld|    inputArray_49|       pointer|
|inputArray_49_o          |  out|    13|     ap_ovld|    inputArray_49|       pointer|
|inputArray_49_o_ap_vld   |  out|     1|     ap_ovld|    inputArray_49|       pointer|
|inputArray_50_i          |   in|    13|     ap_ovld|    inputArray_50|       pointer|
|inputArray_50_o          |  out|    13|     ap_ovld|    inputArray_50|       pointer|
|inputArray_50_o_ap_vld   |  out|     1|     ap_ovld|    inputArray_50|       pointer|
|inputArray_51_i          |   in|    13|     ap_ovld|    inputArray_51|       pointer|
|inputArray_51_o          |  out|    13|     ap_ovld|    inputArray_51|       pointer|
|inputArray_51_o_ap_vld   |  out|     1|     ap_ovld|    inputArray_51|       pointer|
|inputArray_52_i          |   in|    13|     ap_ovld|    inputArray_52|       pointer|
|inputArray_52_o          |  out|    13|     ap_ovld|    inputArray_52|       pointer|
|inputArray_52_o_ap_vld   |  out|     1|     ap_ovld|    inputArray_52|       pointer|
|inputArray_53_i          |   in|    13|     ap_ovld|    inputArray_53|       pointer|
|inputArray_53_o          |  out|    13|     ap_ovld|    inputArray_53|       pointer|
|inputArray_53_o_ap_vld   |  out|     1|     ap_ovld|    inputArray_53|       pointer|
|inputArray_54_i          |   in|    13|     ap_ovld|    inputArray_54|       pointer|
|inputArray_54_o          |  out|    13|     ap_ovld|    inputArray_54|       pointer|
|inputArray_54_o_ap_vld   |  out|     1|     ap_ovld|    inputArray_54|       pointer|
|inputArray_55_i          |   in|    13|     ap_ovld|    inputArray_55|       pointer|
|inputArray_55_o          |  out|    13|     ap_ovld|    inputArray_55|       pointer|
|inputArray_55_o_ap_vld   |  out|     1|     ap_ovld|    inputArray_55|       pointer|
|inputArray_56_i          |   in|    13|     ap_ovld|    inputArray_56|       pointer|
|inputArray_56_o          |  out|    13|     ap_ovld|    inputArray_56|       pointer|
|inputArray_56_o_ap_vld   |  out|     1|     ap_ovld|    inputArray_56|       pointer|
|inputArray_57_i          |   in|    13|     ap_ovld|    inputArray_57|       pointer|
|inputArray_57_o          |  out|    13|     ap_ovld|    inputArray_57|       pointer|
|inputArray_57_o_ap_vld   |  out|     1|     ap_ovld|    inputArray_57|       pointer|
|inputArray_58_i          |   in|    13|     ap_ovld|    inputArray_58|       pointer|
|inputArray_58_o          |  out|    13|     ap_ovld|    inputArray_58|       pointer|
|inputArray_58_o_ap_vld   |  out|     1|     ap_ovld|    inputArray_58|       pointer|
|inputArray_59_i          |   in|    13|     ap_ovld|    inputArray_59|       pointer|
|inputArray_59_o          |  out|    13|     ap_ovld|    inputArray_59|       pointer|
|inputArray_59_o_ap_vld   |  out|     1|     ap_ovld|    inputArray_59|       pointer|
|inputArray_60_i          |   in|    13|     ap_ovld|    inputArray_60|       pointer|
|inputArray_60_o          |  out|    13|     ap_ovld|    inputArray_60|       pointer|
|inputArray_60_o_ap_vld   |  out|     1|     ap_ovld|    inputArray_60|       pointer|
|inputArray_61_i          |   in|    13|     ap_ovld|    inputArray_61|       pointer|
|inputArray_61_o          |  out|    13|     ap_ovld|    inputArray_61|       pointer|
|inputArray_61_o_ap_vld   |  out|     1|     ap_ovld|    inputArray_61|       pointer|
|inputArray_62_i          |   in|    13|     ap_ovld|    inputArray_62|       pointer|
|inputArray_62_o          |  out|    13|     ap_ovld|    inputArray_62|       pointer|
|inputArray_62_o_ap_vld   |  out|     1|     ap_ovld|    inputArray_62|       pointer|
|inputArray_63_i          |   in|    13|     ap_ovld|    inputArray_63|       pointer|
|inputArray_63_o          |  out|    13|     ap_ovld|    inputArray_63|       pointer|
|inputArray_63_o_ap_vld   |  out|     1|     ap_ovld|    inputArray_63|       pointer|
|inputArray_64_i          |   in|    13|     ap_ovld|    inputArray_64|       pointer|
|inputArray_64_o          |  out|    13|     ap_ovld|    inputArray_64|       pointer|
|inputArray_64_o_ap_vld   |  out|     1|     ap_ovld|    inputArray_64|       pointer|
|inputArray_65_i          |   in|    13|     ap_ovld|    inputArray_65|       pointer|
|inputArray_65_o          |  out|    13|     ap_ovld|    inputArray_65|       pointer|
|inputArray_65_o_ap_vld   |  out|     1|     ap_ovld|    inputArray_65|       pointer|
|inputArray_66_i          |   in|    13|     ap_ovld|    inputArray_66|       pointer|
|inputArray_66_o          |  out|    13|     ap_ovld|    inputArray_66|       pointer|
|inputArray_66_o_ap_vld   |  out|     1|     ap_ovld|    inputArray_66|       pointer|
|inputArray_67_i          |   in|    13|     ap_ovld|    inputArray_67|       pointer|
|inputArray_67_o          |  out|    13|     ap_ovld|    inputArray_67|       pointer|
|inputArray_67_o_ap_vld   |  out|     1|     ap_ovld|    inputArray_67|       pointer|
|inputArray_68_i          |   in|    13|     ap_ovld|    inputArray_68|       pointer|
|inputArray_68_o          |  out|    13|     ap_ovld|    inputArray_68|       pointer|
|inputArray_68_o_ap_vld   |  out|     1|     ap_ovld|    inputArray_68|       pointer|
|inputArray_69_i          |   in|    13|     ap_ovld|    inputArray_69|       pointer|
|inputArray_69_o          |  out|    13|     ap_ovld|    inputArray_69|       pointer|
|inputArray_69_o_ap_vld   |  out|     1|     ap_ovld|    inputArray_69|       pointer|
|inputArray_70_i          |   in|    13|     ap_ovld|    inputArray_70|       pointer|
|inputArray_70_o          |  out|    13|     ap_ovld|    inputArray_70|       pointer|
|inputArray_70_o_ap_vld   |  out|     1|     ap_ovld|    inputArray_70|       pointer|
|inputArray_71_i          |   in|    13|     ap_ovld|    inputArray_71|       pointer|
|inputArray_71_o          |  out|    13|     ap_ovld|    inputArray_71|       pointer|
|inputArray_71_o_ap_vld   |  out|     1|     ap_ovld|    inputArray_71|       pointer|
|inputArray_72_i          |   in|    13|     ap_ovld|    inputArray_72|       pointer|
|inputArray_72_o          |  out|    13|     ap_ovld|    inputArray_72|       pointer|
|inputArray_72_o_ap_vld   |  out|     1|     ap_ovld|    inputArray_72|       pointer|
|inputArray_73_i          |   in|    13|     ap_ovld|    inputArray_73|       pointer|
|inputArray_73_o          |  out|    13|     ap_ovld|    inputArray_73|       pointer|
|inputArray_73_o_ap_vld   |  out|     1|     ap_ovld|    inputArray_73|       pointer|
|inputArray_74_i          |   in|    13|     ap_ovld|    inputArray_74|       pointer|
|inputArray_74_o          |  out|    13|     ap_ovld|    inputArray_74|       pointer|
|inputArray_74_o_ap_vld   |  out|     1|     ap_ovld|    inputArray_74|       pointer|
|inputArray_75_i          |   in|    13|     ap_ovld|    inputArray_75|       pointer|
|inputArray_75_o          |  out|    13|     ap_ovld|    inputArray_75|       pointer|
|inputArray_75_o_ap_vld   |  out|     1|     ap_ovld|    inputArray_75|       pointer|
|inputArray_76_i          |   in|    13|     ap_ovld|    inputArray_76|       pointer|
|inputArray_76_o          |  out|    13|     ap_ovld|    inputArray_76|       pointer|
|inputArray_76_o_ap_vld   |  out|     1|     ap_ovld|    inputArray_76|       pointer|
|inputArray_77_i          |   in|    13|     ap_ovld|    inputArray_77|       pointer|
|inputArray_77_o          |  out|    13|     ap_ovld|    inputArray_77|       pointer|
|inputArray_77_o_ap_vld   |  out|     1|     ap_ovld|    inputArray_77|       pointer|
|inputArray_78_i          |   in|    13|     ap_ovld|    inputArray_78|       pointer|
|inputArray_78_o          |  out|    13|     ap_ovld|    inputArray_78|       pointer|
|inputArray_78_o_ap_vld   |  out|     1|     ap_ovld|    inputArray_78|       pointer|
|inputArray_79_i          |   in|    13|     ap_ovld|    inputArray_79|       pointer|
|inputArray_79_o          |  out|    13|     ap_ovld|    inputArray_79|       pointer|
|inputArray_79_o_ap_vld   |  out|     1|     ap_ovld|    inputArray_79|       pointer|
|inputArray_80_i          |   in|    13|     ap_ovld|    inputArray_80|       pointer|
|inputArray_80_o          |  out|    13|     ap_ovld|    inputArray_80|       pointer|
|inputArray_80_o_ap_vld   |  out|     1|     ap_ovld|    inputArray_80|       pointer|
|inputArray_81_i          |   in|    13|     ap_ovld|    inputArray_81|       pointer|
|inputArray_81_o          |  out|    13|     ap_ovld|    inputArray_81|       pointer|
|inputArray_81_o_ap_vld   |  out|     1|     ap_ovld|    inputArray_81|       pointer|
|inputArray_82_i          |   in|    13|     ap_ovld|    inputArray_82|       pointer|
|inputArray_82_o          |  out|    13|     ap_ovld|    inputArray_82|       pointer|
|inputArray_82_o_ap_vld   |  out|     1|     ap_ovld|    inputArray_82|       pointer|
|inputArray_83_i          |   in|    13|     ap_ovld|    inputArray_83|       pointer|
|inputArray_83_o          |  out|    13|     ap_ovld|    inputArray_83|       pointer|
|inputArray_83_o_ap_vld   |  out|     1|     ap_ovld|    inputArray_83|       pointer|
|inputArray_84_i          |   in|    13|     ap_ovld|    inputArray_84|       pointer|
|inputArray_84_o          |  out|    13|     ap_ovld|    inputArray_84|       pointer|
|inputArray_84_o_ap_vld   |  out|     1|     ap_ovld|    inputArray_84|       pointer|
|inputArray_85_i          |   in|    13|     ap_ovld|    inputArray_85|       pointer|
|inputArray_85_o          |  out|    13|     ap_ovld|    inputArray_85|       pointer|
|inputArray_85_o_ap_vld   |  out|     1|     ap_ovld|    inputArray_85|       pointer|
|inputArray_86_i          |   in|    13|     ap_ovld|    inputArray_86|       pointer|
|inputArray_86_o          |  out|    13|     ap_ovld|    inputArray_86|       pointer|
|inputArray_86_o_ap_vld   |  out|     1|     ap_ovld|    inputArray_86|       pointer|
|inputArray_87_i          |   in|    13|     ap_ovld|    inputArray_87|       pointer|
|inputArray_87_o          |  out|    13|     ap_ovld|    inputArray_87|       pointer|
|inputArray_87_o_ap_vld   |  out|     1|     ap_ovld|    inputArray_87|       pointer|
|inputArray_88_i          |   in|    13|     ap_ovld|    inputArray_88|       pointer|
|inputArray_88_o          |  out|    13|     ap_ovld|    inputArray_88|       pointer|
|inputArray_88_o_ap_vld   |  out|     1|     ap_ovld|    inputArray_88|       pointer|
|inputArray_89_i          |   in|    13|     ap_ovld|    inputArray_89|       pointer|
|inputArray_89_o          |  out|    13|     ap_ovld|    inputArray_89|       pointer|
|inputArray_89_o_ap_vld   |  out|     1|     ap_ovld|    inputArray_89|       pointer|
|inputArray_90_i          |   in|    13|     ap_ovld|    inputArray_90|       pointer|
|inputArray_90_o          |  out|    13|     ap_ovld|    inputArray_90|       pointer|
|inputArray_90_o_ap_vld   |  out|     1|     ap_ovld|    inputArray_90|       pointer|
|inputArray_91_i          |   in|    13|     ap_ovld|    inputArray_91|       pointer|
|inputArray_91_o          |  out|    13|     ap_ovld|    inputArray_91|       pointer|
|inputArray_91_o_ap_vld   |  out|     1|     ap_ovld|    inputArray_91|       pointer|
|inputArray_92_i          |   in|    13|     ap_ovld|    inputArray_92|       pointer|
|inputArray_92_o          |  out|    13|     ap_ovld|    inputArray_92|       pointer|
|inputArray_92_o_ap_vld   |  out|     1|     ap_ovld|    inputArray_92|       pointer|
|inputArray_93_i          |   in|    13|     ap_ovld|    inputArray_93|       pointer|
|inputArray_93_o          |  out|    13|     ap_ovld|    inputArray_93|       pointer|
|inputArray_93_o_ap_vld   |  out|     1|     ap_ovld|    inputArray_93|       pointer|
|inputArray_94_i          |   in|    13|     ap_ovld|    inputArray_94|       pointer|
|inputArray_94_o          |  out|    13|     ap_ovld|    inputArray_94|       pointer|
|inputArray_94_o_ap_vld   |  out|     1|     ap_ovld|    inputArray_94|       pointer|
|inputArray_95_i          |   in|    13|     ap_ovld|    inputArray_95|       pointer|
|inputArray_95_o          |  out|    13|     ap_ovld|    inputArray_95|       pointer|
|inputArray_95_o_ap_vld   |  out|     1|     ap_ovld|    inputArray_95|       pointer|
|inputArray_96_i          |   in|    13|     ap_ovld|    inputArray_96|       pointer|
|inputArray_96_o          |  out|    13|     ap_ovld|    inputArray_96|       pointer|
|inputArray_96_o_ap_vld   |  out|     1|     ap_ovld|    inputArray_96|       pointer|
|inputArray_97_i          |   in|    13|     ap_ovld|    inputArray_97|       pointer|
|inputArray_97_o          |  out|    13|     ap_ovld|    inputArray_97|       pointer|
|inputArray_97_o_ap_vld   |  out|     1|     ap_ovld|    inputArray_97|       pointer|
|inputArray_98_i          |   in|    13|     ap_ovld|    inputArray_98|       pointer|
|inputArray_98_o          |  out|    13|     ap_ovld|    inputArray_98|       pointer|
|inputArray_98_o_ap_vld   |  out|     1|     ap_ovld|    inputArray_98|       pointer|
|inputArray_99_i          |   in|    13|     ap_ovld|    inputArray_99|       pointer|
|inputArray_99_o          |  out|    13|     ap_ovld|    inputArray_99|       pointer|
|inputArray_99_o_ap_vld   |  out|     1|     ap_ovld|    inputArray_99|       pointer|
|inputArray_100_i         |   in|    13|     ap_ovld|   inputArray_100|       pointer|
|inputArray_100_o         |  out|    13|     ap_ovld|   inputArray_100|       pointer|
|inputArray_100_o_ap_vld  |  out|     1|     ap_ovld|   inputArray_100|       pointer|
|inputArray_101_i         |   in|    13|     ap_ovld|   inputArray_101|       pointer|
|inputArray_101_o         |  out|    13|     ap_ovld|   inputArray_101|       pointer|
|inputArray_101_o_ap_vld  |  out|     1|     ap_ovld|   inputArray_101|       pointer|
|inputArray_102_i         |   in|    13|     ap_ovld|   inputArray_102|       pointer|
|inputArray_102_o         |  out|    13|     ap_ovld|   inputArray_102|       pointer|
|inputArray_102_o_ap_vld  |  out|     1|     ap_ovld|   inputArray_102|       pointer|
|inputArray_103_i         |   in|    13|     ap_ovld|   inputArray_103|       pointer|
|inputArray_103_o         |  out|    13|     ap_ovld|   inputArray_103|       pointer|
|inputArray_103_o_ap_vld  |  out|     1|     ap_ovld|   inputArray_103|       pointer|
|inputArray_104_i         |   in|    13|     ap_ovld|   inputArray_104|       pointer|
|inputArray_104_o         |  out|    13|     ap_ovld|   inputArray_104|       pointer|
|inputArray_104_o_ap_vld  |  out|     1|     ap_ovld|   inputArray_104|       pointer|
|inputArray_105_i         |   in|    13|     ap_ovld|   inputArray_105|       pointer|
|inputArray_105_o         |  out|    13|     ap_ovld|   inputArray_105|       pointer|
|inputArray_105_o_ap_vld  |  out|     1|     ap_ovld|   inputArray_105|       pointer|
|inputArray_106_i         |   in|    13|     ap_ovld|   inputArray_106|       pointer|
|inputArray_106_o         |  out|    13|     ap_ovld|   inputArray_106|       pointer|
|inputArray_106_o_ap_vld  |  out|     1|     ap_ovld|   inputArray_106|       pointer|
|inputArray_107_i         |   in|    13|     ap_ovld|   inputArray_107|       pointer|
|inputArray_107_o         |  out|    13|     ap_ovld|   inputArray_107|       pointer|
|inputArray_107_o_ap_vld  |  out|     1|     ap_ovld|   inputArray_107|       pointer|
|inputArray_108_i         |   in|    13|     ap_ovld|   inputArray_108|       pointer|
|inputArray_108_o         |  out|    13|     ap_ovld|   inputArray_108|       pointer|
|inputArray_108_o_ap_vld  |  out|     1|     ap_ovld|   inputArray_108|       pointer|
|inputArray_109_i         |   in|    13|     ap_ovld|   inputArray_109|       pointer|
|inputArray_109_o         |  out|    13|     ap_ovld|   inputArray_109|       pointer|
|inputArray_109_o_ap_vld  |  out|     1|     ap_ovld|   inputArray_109|       pointer|
|inputArray_110_i         |   in|    13|     ap_ovld|   inputArray_110|       pointer|
|inputArray_110_o         |  out|    13|     ap_ovld|   inputArray_110|       pointer|
|inputArray_110_o_ap_vld  |  out|     1|     ap_ovld|   inputArray_110|       pointer|
|inputArray_111_i         |   in|    13|     ap_ovld|   inputArray_111|       pointer|
|inputArray_111_o         |  out|    13|     ap_ovld|   inputArray_111|       pointer|
|inputArray_111_o_ap_vld  |  out|     1|     ap_ovld|   inputArray_111|       pointer|
|inputArray_112_i         |   in|    13|     ap_ovld|   inputArray_112|       pointer|
|inputArray_112_o         |  out|    13|     ap_ovld|   inputArray_112|       pointer|
|inputArray_112_o_ap_vld  |  out|     1|     ap_ovld|   inputArray_112|       pointer|
|inputArray_113_i         |   in|    13|     ap_ovld|   inputArray_113|       pointer|
|inputArray_113_o         |  out|    13|     ap_ovld|   inputArray_113|       pointer|
|inputArray_113_o_ap_vld  |  out|     1|     ap_ovld|   inputArray_113|       pointer|
|inputArray_114_i         |   in|    13|     ap_ovld|   inputArray_114|       pointer|
|inputArray_114_o         |  out|    13|     ap_ovld|   inputArray_114|       pointer|
|inputArray_114_o_ap_vld  |  out|     1|     ap_ovld|   inputArray_114|       pointer|
|inputArray_115_i         |   in|    13|     ap_ovld|   inputArray_115|       pointer|
|inputArray_115_o         |  out|    13|     ap_ovld|   inputArray_115|       pointer|
|inputArray_115_o_ap_vld  |  out|     1|     ap_ovld|   inputArray_115|       pointer|
|inputArray_116_i         |   in|    13|     ap_ovld|   inputArray_116|       pointer|
|inputArray_116_o         |  out|    13|     ap_ovld|   inputArray_116|       pointer|
|inputArray_116_o_ap_vld  |  out|     1|     ap_ovld|   inputArray_116|       pointer|
|inputArray_117_i         |   in|    13|     ap_ovld|   inputArray_117|       pointer|
|inputArray_117_o         |  out|    13|     ap_ovld|   inputArray_117|       pointer|
|inputArray_117_o_ap_vld  |  out|     1|     ap_ovld|   inputArray_117|       pointer|
|inputArray_118_i         |   in|    13|     ap_ovld|   inputArray_118|       pointer|
|inputArray_118_o         |  out|    13|     ap_ovld|   inputArray_118|       pointer|
|inputArray_118_o_ap_vld  |  out|     1|     ap_ovld|   inputArray_118|       pointer|
|inputArray_119_i         |   in|    13|     ap_ovld|   inputArray_119|       pointer|
|inputArray_119_o         |  out|    13|     ap_ovld|   inputArray_119|       pointer|
|inputArray_119_o_ap_vld  |  out|     1|     ap_ovld|   inputArray_119|       pointer|
|inputArray_120_i         |   in|    13|     ap_ovld|   inputArray_120|       pointer|
|inputArray_120_o         |  out|    13|     ap_ovld|   inputArray_120|       pointer|
|inputArray_120_o_ap_vld  |  out|     1|     ap_ovld|   inputArray_120|       pointer|
|inputArray_121_i         |   in|    13|     ap_ovld|   inputArray_121|       pointer|
|inputArray_121_o         |  out|    13|     ap_ovld|   inputArray_121|       pointer|
|inputArray_121_o_ap_vld  |  out|     1|     ap_ovld|   inputArray_121|       pointer|
|inputArray_122_i         |   in|    13|     ap_ovld|   inputArray_122|       pointer|
|inputArray_122_o         |  out|    13|     ap_ovld|   inputArray_122|       pointer|
|inputArray_122_o_ap_vld  |  out|     1|     ap_ovld|   inputArray_122|       pointer|
|inputArray_123_i         |   in|    13|     ap_ovld|   inputArray_123|       pointer|
|inputArray_123_o         |  out|    13|     ap_ovld|   inputArray_123|       pointer|
|inputArray_123_o_ap_vld  |  out|     1|     ap_ovld|   inputArray_123|       pointer|
|inputArray_124_i         |   in|    13|     ap_ovld|   inputArray_124|       pointer|
|inputArray_124_o         |  out|    13|     ap_ovld|   inputArray_124|       pointer|
|inputArray_124_o_ap_vld  |  out|     1|     ap_ovld|   inputArray_124|       pointer|
|inputArray_125_i         |   in|    13|     ap_ovld|   inputArray_125|       pointer|
|inputArray_125_o         |  out|    13|     ap_ovld|   inputArray_125|       pointer|
|inputArray_125_o_ap_vld  |  out|     1|     ap_ovld|   inputArray_125|       pointer|
|inputArray_126_i         |   in|    13|     ap_ovld|   inputArray_126|       pointer|
|inputArray_126_o         |  out|    13|     ap_ovld|   inputArray_126|       pointer|
|inputArray_126_o_ap_vld  |  out|     1|     ap_ovld|   inputArray_126|       pointer|
|inputArray_127_i         |   in|    13|     ap_ovld|   inputArray_127|       pointer|
|inputArray_127_o         |  out|    13|     ap_ovld|   inputArray_127|       pointer|
|inputArray_127_o_ap_vld  |  out|     1|     ap_ovld|   inputArray_127|       pointer|
|filterArray_0            |   in|    13|     ap_none|    filterArray_0|       pointer|
|filterArray_1            |   in|    13|     ap_none|    filterArray_1|       pointer|
|filterArray_2            |   in|    13|     ap_none|    filterArray_2|       pointer|
|filterArray_3            |   in|    13|     ap_none|    filterArray_3|       pointer|
|filterArray_4            |   in|    13|     ap_none|    filterArray_4|       pointer|
|filterArray_5            |   in|    13|     ap_none|    filterArray_5|       pointer|
|filterArray_6            |   in|    13|     ap_none|    filterArray_6|       pointer|
|filterArray_7            |   in|    13|     ap_none|    filterArray_7|       pointer|
|filterArray_8            |   in|    13|     ap_none|    filterArray_8|       pointer|
|filterArray_9            |   in|    13|     ap_none|    filterArray_9|       pointer|
|filterArray_10           |   in|    13|     ap_none|   filterArray_10|       pointer|
|filterArray_11           |   in|    13|     ap_none|   filterArray_11|       pointer|
|filterArray_12           |   in|    13|     ap_none|   filterArray_12|       pointer|
|filterArray_13           |   in|    13|     ap_none|   filterArray_13|       pointer|
|filterArray_14           |   in|    13|     ap_none|   filterArray_14|       pointer|
|filterArray_15           |   in|    13|     ap_none|   filterArray_15|       pointer|
|filterArray_16           |   in|    13|     ap_none|   filterArray_16|       pointer|
|filterArray_17           |   in|    13|     ap_none|   filterArray_17|       pointer|
|filterArray_18           |   in|    13|     ap_none|   filterArray_18|       pointer|
|filterArray_19           |   in|    13|     ap_none|   filterArray_19|       pointer|
|filterArray_20           |   in|    13|     ap_none|   filterArray_20|       pointer|
|filterArray_21           |   in|    13|     ap_none|   filterArray_21|       pointer|
|filterArray_22           |   in|    13|     ap_none|   filterArray_22|       pointer|
|filterArray_23           |   in|    13|     ap_none|   filterArray_23|       pointer|
|filterArray_24           |   in|    13|     ap_none|   filterArray_24|       pointer|
|filterArray_25           |   in|    13|     ap_none|   filterArray_25|       pointer|
|filterArray_26           |   in|    13|     ap_none|   filterArray_26|       pointer|
|filterArray_27           |   in|    13|     ap_none|   filterArray_27|       pointer|
|filterArray_28           |   in|    13|     ap_none|   filterArray_28|       pointer|
|filterArray_29           |   in|    13|     ap_none|   filterArray_29|       pointer|
|filterArray_30           |   in|    13|     ap_none|   filterArray_30|       pointer|
|filterArray_31           |   in|    13|     ap_none|   filterArray_31|       pointer|
|filterArray_32           |   in|    13|     ap_none|   filterArray_32|       pointer|
|filterArray_33           |   in|    13|     ap_none|   filterArray_33|       pointer|
|filterArray_34           |   in|    13|     ap_none|   filterArray_34|       pointer|
|filterArray_35           |   in|    13|     ap_none|   filterArray_35|       pointer|
|filterArray_36           |   in|    13|     ap_none|   filterArray_36|       pointer|
|filterArray_37           |   in|    13|     ap_none|   filterArray_37|       pointer|
|filterArray_38           |   in|    13|     ap_none|   filterArray_38|       pointer|
|filterArray_39           |   in|    13|     ap_none|   filterArray_39|       pointer|
|filterArray_40           |   in|    13|     ap_none|   filterArray_40|       pointer|
|filterArray_41           |   in|    13|     ap_none|   filterArray_41|       pointer|
|filterArray_42           |   in|    13|     ap_none|   filterArray_42|       pointer|
|filterArray_43           |   in|    13|     ap_none|   filterArray_43|       pointer|
|filterArray_44           |   in|    13|     ap_none|   filterArray_44|       pointer|
|filterArray_45           |   in|    13|     ap_none|   filterArray_45|       pointer|
|filterArray_46           |   in|    13|     ap_none|   filterArray_46|       pointer|
|filterArray_47           |   in|    13|     ap_none|   filterArray_47|       pointer|
|filterArray_48           |   in|    13|     ap_none|   filterArray_48|       pointer|
|filterArray_49           |   in|    13|     ap_none|   filterArray_49|       pointer|
|filterArray_50           |   in|    13|     ap_none|   filterArray_50|       pointer|
|filterArray_51           |   in|    13|     ap_none|   filterArray_51|       pointer|
|filterArray_52           |   in|    13|     ap_none|   filterArray_52|       pointer|
|filterArray_53           |   in|    13|     ap_none|   filterArray_53|       pointer|
|filterArray_54           |   in|    13|     ap_none|   filterArray_54|       pointer|
|filterArray_55           |   in|    13|     ap_none|   filterArray_55|       pointer|
|filterArray_56           |   in|    13|     ap_none|   filterArray_56|       pointer|
|filterArray_57           |   in|    13|     ap_none|   filterArray_57|       pointer|
|filterArray_58           |   in|    13|     ap_none|   filterArray_58|       pointer|
|filterArray_59           |   in|    13|     ap_none|   filterArray_59|       pointer|
|filterArray_60           |   in|    13|     ap_none|   filterArray_60|       pointer|
|filterArray_61           |   in|    13|     ap_none|   filterArray_61|       pointer|
|filterArray_62           |   in|    13|     ap_none|   filterArray_62|       pointer|
|filterArray_63           |   in|    13|     ap_none|   filterArray_63|       pointer|
|filterArray_64           |   in|    13|     ap_none|   filterArray_64|       pointer|
|filterArray_65           |   in|    13|     ap_none|   filterArray_65|       pointer|
|filterArray_66           |   in|    13|     ap_none|   filterArray_66|       pointer|
|filterArray_67           |   in|    13|     ap_none|   filterArray_67|       pointer|
|filterArray_68           |   in|    13|     ap_none|   filterArray_68|       pointer|
|filterArray_69           |   in|    13|     ap_none|   filterArray_69|       pointer|
|filterArray_70           |   in|    13|     ap_none|   filterArray_70|       pointer|
|filterArray_71           |   in|    13|     ap_none|   filterArray_71|       pointer|
|filterArray_72           |   in|    13|     ap_none|   filterArray_72|       pointer|
|filterArray_73           |   in|    13|     ap_none|   filterArray_73|       pointer|
|filterArray_74           |   in|    13|     ap_none|   filterArray_74|       pointer|
|filterArray_75           |   in|    13|     ap_none|   filterArray_75|       pointer|
|filterArray_76           |   in|    13|     ap_none|   filterArray_76|       pointer|
|filterArray_77           |   in|    13|     ap_none|   filterArray_77|       pointer|
|filterArray_78           |   in|    13|     ap_none|   filterArray_78|       pointer|
|filterArray_79           |   in|    13|     ap_none|   filterArray_79|       pointer|
|filterArray_80           |   in|    13|     ap_none|   filterArray_80|       pointer|
|filterArray_81           |   in|    13|     ap_none|   filterArray_81|       pointer|
|filterArray_82           |   in|    13|     ap_none|   filterArray_82|       pointer|
|filterArray_83           |   in|    13|     ap_none|   filterArray_83|       pointer|
|filterArray_84           |   in|    13|     ap_none|   filterArray_84|       pointer|
|filterArray_85           |   in|    13|     ap_none|   filterArray_85|       pointer|
|filterArray_86           |   in|    13|     ap_none|   filterArray_86|       pointer|
|filterArray_87           |   in|    13|     ap_none|   filterArray_87|       pointer|
|filterArray_88           |   in|    13|     ap_none|   filterArray_88|       pointer|
|filterArray_89           |   in|    13|     ap_none|   filterArray_89|       pointer|
|filterArray_90           |   in|    13|     ap_none|   filterArray_90|       pointer|
|filterArray_91           |   in|    13|     ap_none|   filterArray_91|       pointer|
|filterArray_92           |   in|    13|     ap_none|   filterArray_92|       pointer|
|filterArray_93           |   in|    13|     ap_none|   filterArray_93|       pointer|
|filterArray_94           |   in|    13|     ap_none|   filterArray_94|       pointer|
|filterArray_95           |   in|    13|     ap_none|   filterArray_95|       pointer|
|filterArray_96           |   in|    13|     ap_none|   filterArray_96|       pointer|
|filterArray_97           |   in|    13|     ap_none|   filterArray_97|       pointer|
|filterArray_98           |   in|    13|     ap_none|   filterArray_98|       pointer|
|filterArray_99           |   in|    13|     ap_none|   filterArray_99|       pointer|
|filterArray_100          |   in|    13|     ap_none|  filterArray_100|       pointer|
|filterArray_101          |   in|    13|     ap_none|  filterArray_101|       pointer|
|filterArray_102          |   in|    13|     ap_none|  filterArray_102|       pointer|
|filterArray_103          |   in|    13|     ap_none|  filterArray_103|       pointer|
|filterArray_104          |   in|    13|     ap_none|  filterArray_104|       pointer|
|filterArray_105          |   in|    13|     ap_none|  filterArray_105|       pointer|
|filterArray_106          |   in|    13|     ap_none|  filterArray_106|       pointer|
|filterArray_107          |   in|    13|     ap_none|  filterArray_107|       pointer|
|filterArray_108          |   in|    13|     ap_none|  filterArray_108|       pointer|
|filterArray_109          |   in|    13|     ap_none|  filterArray_109|       pointer|
|filterArray_110          |   in|    13|     ap_none|  filterArray_110|       pointer|
|filterArray_111          |   in|    13|     ap_none|  filterArray_111|       pointer|
|filterArray_112          |   in|    13|     ap_none|  filterArray_112|       pointer|
|filterArray_113          |   in|    13|     ap_none|  filterArray_113|       pointer|
|filterArray_114          |   in|    13|     ap_none|  filterArray_114|       pointer|
|filterArray_115          |   in|    13|     ap_none|  filterArray_115|       pointer|
|filterArray_116          |   in|    13|     ap_none|  filterArray_116|       pointer|
|filterArray_117          |   in|    13|     ap_none|  filterArray_117|       pointer|
|filterArray_118          |   in|    13|     ap_none|  filterArray_118|       pointer|
|filterArray_119          |   in|    13|     ap_none|  filterArray_119|       pointer|
|filterArray_120          |   in|    13|     ap_none|  filterArray_120|       pointer|
|filterArray_121          |   in|    13|     ap_none|  filterArray_121|       pointer|
|filterArray_122          |   in|    13|     ap_none|  filterArray_122|       pointer|
|filterArray_123          |   in|    13|     ap_none|  filterArray_123|       pointer|
|filterArray_124          |   in|    13|     ap_none|  filterArray_124|       pointer|
|filterArray_125          |   in|    13|     ap_none|  filterArray_125|       pointer|
|filterArray_126          |   in|    13|     ap_none|  filterArray_126|       pointer|
|filterArray_127          |   in|    13|     ap_none|  filterArray_127|       pointer|
|bitmask1                 |   in|  4096|     ap_none|         bitmask1|        scalar|
|bitmask2                 |   in|  4096|     ap_none|         bitmask2|        scalar|
+-------------------------+-----+------+------------+-----------------+--------------+

